Archive member included to satisfy reference by file (symbol)

/home/tardis1/toolchain/gcc-arm-none-eabi-10.3-2021.10/bin/../lib/gcc/arm-none-eabi/10.3.1/thumb/v6-m/nofp/libgcc.a(_dvmd_tls.o)
                              CMakeFiles/messages.dir/home/tardis1/rp2040/pico-sdk/src/rp2_common/pico_divider/divider.S.obj (__aeabi_idiv0)
/home/tardis1/toolchain/gcc-arm-none-eabi-10.3-2021.10/bin/../lib/gcc/arm-none-eabi/10.3.1/../../../../arm-none-eabi/lib/thumb/v6-m/nofp/libc.a(lib_a-calloc.o)
                              CMakeFiles/messages.dir/home/tardis1/rp2040/pico-sdk/src/rp2_common/pico_malloc/pico_malloc.c.obj (calloc)
/home/tardis1/toolchain/gcc-arm-none-eabi-10.3-2021.10/bin/../lib/gcc/arm-none-eabi/10.3.1/../../../../arm-none-eabi/lib/thumb/v6-m/nofp/libc.a(lib_a-callocr.o)
                              /home/tardis1/toolchain/gcc-arm-none-eabi-10.3-2021.10/bin/../lib/gcc/arm-none-eabi/10.3.1/../../../../arm-none-eabi/lib/thumb/v6-m/nofp/libc.a(lib_a-calloc.o) (_calloc_r)
/home/tardis1/toolchain/gcc-arm-none-eabi-10.3-2021.10/bin/../lib/gcc/arm-none-eabi/10.3.1/../../../../arm-none-eabi/lib/thumb/v6-m/nofp/libc.a(lib_a-errno.o)
                              /home/tardis1/toolchain/gcc-arm-none-eabi-10.3-2021.10/bin/../lib/gcc/arm-none-eabi/10.3.1/../../../../arm-none-eabi/lib/thumb/v6-m/nofp/libc.a(lib_a-callocr.o) (__errno)
/home/tardis1/toolchain/gcc-arm-none-eabi-10.3-2021.10/bin/../lib/gcc/arm-none-eabi/10.3.1/../../../../arm-none-eabi/lib/thumb/v6-m/nofp/libc.a(lib_a-impure.o)
                              /home/tardis1/toolchain/gcc-arm-none-eabi-10.3-2021.10/bin/../lib/gcc/arm-none-eabi/10.3.1/../../../../arm-none-eabi/lib/thumb/v6-m/nofp/libc.a(lib_a-calloc.o) (_impure_ptr)
/home/tardis1/toolchain/gcc-arm-none-eabi-10.3-2021.10/bin/../lib/gcc/arm-none-eabi/10.3.1/../../../../arm-none-eabi/lib/thumb/v6-m/nofp/libc.a(lib_a-init.o)
                              /home/tardis1/toolchain/gcc-arm-none-eabi-10.3-2021.10/bin/../lib/gcc/arm-none-eabi/10.3.1/../../../../arm-none-eabi/lib/thumb/v6-m/nofp/crt0.o (__libc_init_array)
/home/tardis1/toolchain/gcc-arm-none-eabi-10.3-2021.10/bin/../lib/gcc/arm-none-eabi/10.3.1/../../../../arm-none-eabi/lib/thumb/v6-m/nofp/libc.a(lib_a-malloc.o)
                              CMakeFiles/messages.dir/home/tardis1/rp2040/pico-sdk/src/rp2_common/pico_malloc/pico_malloc.c.obj (malloc)
/home/tardis1/toolchain/gcc-arm-none-eabi-10.3-2021.10/bin/../lib/gcc/arm-none-eabi/10.3.1/../../../../arm-none-eabi/lib/thumb/v6-m/nofp/libc.a(lib_a-mallocr.o)
                              /home/tardis1/toolchain/gcc-arm-none-eabi-10.3-2021.10/bin/../lib/gcc/arm-none-eabi/10.3.1/../../../../arm-none-eabi/lib/thumb/v6-m/nofp/libc.a(lib_a-callocr.o) (_malloc_r)
/home/tardis1/toolchain/gcc-arm-none-eabi-10.3-2021.10/bin/../lib/gcc/arm-none-eabi/10.3.1/../../../../arm-none-eabi/lib/thumb/v6-m/nofp/libc.a(lib_a-mlock.o)
                              /home/tardis1/toolchain/gcc-arm-none-eabi-10.3-2021.10/bin/../lib/gcc/arm-none-eabi/10.3.1/../../../../arm-none-eabi/lib/thumb/v6-m/nofp/libc.a(lib_a-mallocr.o) (__malloc_lock)
/home/tardis1/toolchain/gcc-arm-none-eabi-10.3-2021.10/bin/../lib/gcc/arm-none-eabi/10.3.1/../../../../arm-none-eabi/lib/thumb/v6-m/nofp/libc.a(lib_a-sbrkr.o)
                              /home/tardis1/toolchain/gcc-arm-none-eabi-10.3-2021.10/bin/../lib/gcc/arm-none-eabi/10.3.1/../../../../arm-none-eabi/lib/thumb/v6-m/nofp/libc.a(lib_a-mallocr.o) (_sbrk_r)
/home/tardis1/toolchain/gcc-arm-none-eabi-10.3-2021.10/bin/../lib/gcc/arm-none-eabi/10.3.1/../../../../arm-none-eabi/lib/thumb/v6-m/nofp/libc.a(lib_a-strcpy.o)
                              CMakeFiles/messages.dir/main.c.obj (strcpy)
/home/tardis1/toolchain/gcc-arm-none-eabi-10.3-2021.10/bin/../lib/gcc/arm-none-eabi/10.3.1/../../../../arm-none-eabi/lib/thumb/v6-m/nofp/libc.a(lib_a-strlen-stub.o)
                              CMakeFiles/messages.dir/main.c.obj (strlen)
/home/tardis1/toolchain/gcc-arm-none-eabi-10.3-2021.10/bin/../lib/gcc/arm-none-eabi/10.3.1/../../../../arm-none-eabi/lib/thumb/v6-m/nofp/libc.a(lib_a-freer.o)
                              /home/tardis1/toolchain/gcc-arm-none-eabi-10.3-2021.10/bin/../lib/gcc/arm-none-eabi/10.3.1/../../../../arm-none-eabi/lib/thumb/v6-m/nofp/libc.a(lib_a-malloc.o) (_free_r)
/home/tardis1/toolchain/gcc-arm-none-eabi-10.3-2021.10/bin/../lib/gcc/arm-none-eabi/10.3.1/../../../../arm-none-eabi/lib/thumb/v6-m/nofp/libc.a(lib_a-lock.o)
                              /home/tardis1/toolchain/gcc-arm-none-eabi-10.3-2021.10/bin/../lib/gcc/arm-none-eabi/10.3.1/../../../../arm-none-eabi/lib/thumb/v6-m/nofp/libc.a(lib_a-mlock.o) (__retarget_lock_acquire_recursive)
/home/tardis1/toolchain/gcc-arm-none-eabi-10.3-2021.10/bin/../lib/gcc/arm-none-eabi/10.3.1/../../../../arm-none-eabi/lib/thumb/v6-m/nofp/libc.a(lib_a-reent.o)
[...]
Memory Configuration

Name             Origin             Length             Attributes
FLASH            0x0000000010000000 0x0000000000200000 xr
RAM              0x0000000020000000 0x0000000000040000 xrw
SCRATCH_X        0x0000000020040000 0x0000000000001000 xrw
SCRATCH_Y        0x0000000020041000 0x0000000000001000 xrw
*default*        0x0000000000000000 0xffffffffffffffff

Linker script and memory map

LOAD /home/tardis1/toolchain/gcc-arm-none-eabi-10.3-2021.10/bin/../lib/gcc/arm-none-eabi/10.3.1/thumb/v6-m/nofp/crti.o
LOAD /home/tardis1/toolchain/gcc-arm-none-eabi-10.3-2021.10/bin/../lib/gcc/arm-none-eabi/10.3.1/thumb/v6-m/nofp/crtbegin.o
LOAD /home/tardis1/toolchain/gcc-arm-none-eabi-10.3-2021.10/bin/../lib/gcc/arm-none-eabi/10.3.1/../../../../arm-none-eabi/lib/thumb/v6-m/nofp/crt0.o

.flash_begin    0x0000000010000000        0x0
                0x0000000010000000                __flash_binary_start = .

.boot2          0x0000000010000000      0x100
                0x0000000010000000                __boot2_start__ = .
 *(.boot2)
 .boot2         0x0000000010000000      0x100 /tmp/ccp8HkOs.o
                0x0000000010000100                __boot2_end__ = .
                0x0000000000000001                ASSERT (((__boot2_end__ - __boot2_start__) == 0x100), ERROR: Pico second stage bootloader must be 256 bytes in size)

.text           0x0000000010000100     0x6f98
                0x0000000010000100                __logical_binary_start = .
 *(.vectors)
 .vectors       0x0000000010000100       0xd4 CMakeFiles/messages.dir/home/tardis1/rp2040/pico-sdk/src/rp2_common/pico_standard_link/crt0.S.obj
                0x0000000010000100                __vectors
                0x0000000010000100                __VECTOR_TABLE
                0x00000000100001c0                isr_invalid
                0x00000000100001c0                __default_isrs_start
                0x00000000100001c2                isr_nmi
                0x00000000100001c4                isr_hardfault
                0x00000000100001c6                isr_svcall
                0x00000000100001c8                isr_pendsv
                0x00000000100001ca                isr_systick
                0x00000000100001cc                isr_irq30
                0x00000000100001cc                __unhandled_user_irq
                0x00000000100001cc                isr_irq13
                0x00000000100001cc                isr_irq27
                0x00000000100001cc                isr_irq31
                0x00000000100001cc                isr_irq5
                0x00000000100001cc                isr_irq11
                0x00000000100001cc                isr_irq23
                0x00000000100001cc                isr_irq18
                0x00000000100001cc                isr_irq28
                0x00000000100001cc                isr_irq19
                0x00000000100001cc                isr_irq0
                0x00000000100001cc                isr_irq6
                0x00000000100001cc                isr_irq22
                0x00000000100001cc                isr_irq17
                0x00000000100001cc                isr_irq14
                0x00000000100001cc                isr_irq2
                0x00000000100001cc                isr_irq10
                0x00000000100001cc                isr_irq8
                0x00000000100001cc                isr_irq24
                0x00000000100001cc                isr_irq1
                0x00000000100001cc                isr_irq7
                0x00000000100001cc                isr_irq21
                0x00000000100001cc                isr_irq20
                0x00000000100001cc                isr_irq15
                0x00000000100001cc                isr_irq25
                0x00000000100001cc                isr_irq4
                0x00000000100001cc                isr_irq16
                0x00000000100001cc                isr_irq29
                0x00000000100001cc                isr_irq26
                0x00000000100001cc                __default_isrs_end
                0x00000000100001cc                isr_irq3
                0x00000000100001cc                isr_irq12
                0x00000000100001cc                isr_irq9
                0x00000000100001d2                unhandled_user_irq_num_in_r0
 *(.binary_info_header)
 .binary_info_header
                0x00000000100001d4       0x14 CMakeFiles/messages.dir/home/tardis1/rp2040/pico-sdk/src/rp2_common/pico_standard_link/crt0.S.obj
                0x00000000100001e8                __binary_info_header_end = .
 *(.reset)
 .reset         0x00000000100001e8       0xa8 CMakeFiles/messages.dir/home/tardis1/rp2040/pico-sdk/src/rp2_common/pico_standard_link/crt0.S.obj
                0x00000000100001e8                _entry_point
                0x0000000010000266                __get_current_exception
 .reset         0x0000000010000290       0x30 CMakeFiles/messages.dir/home/tardis1/rp2040/pico-sdk/src/rp2_common/pico_standard_link/binary_info.c.obj
 *(.init)
 .init          0x00000000100002c0        0x4 /home/tardis1/toolchain/gcc-arm-none-eabi-10.3-2021.10/bin/../lib/gcc/arm-none-eabi/10.3.1/thumb/v6-m/nofp/crti.o
                0x00000000100002c0                _init
 *(EXCLUDE_FILE(*libm.a: *libc.a:*lib_a-mem*.o *libgcc.a:) .text*)
 .text          0x00000000100002c4       0x48 /home/tardis1/toolchain/gcc-arm-none-eabi-10.3-2021.10/bin/../lib/gcc/arm-none-eabi/10.3.1/thumb/v6-m/nofp/crtbegin.o
 .text.startup.main
                0x000000001000030c       0xec CMakeFiles/messages.dir/main.c.obj
                0x000000001000030c                main
 .text.gpio_set_function
                0x00000000100003f8       0x30 CMakeFiles/messages.dir/home/tardis1/rp2040/pico-sdk/src/rp2_common/hardware_gpio/gpio.c.obj
                0x00000000100003f8                gpio_set_function
 .text.hw_claim_or_assert
                0x0000000010000428       0x44 CMakeFiles/messages.dir/home/tardis1/rp2040/pico-sdk/src/rp2_common/hardware_claim/claim.c.obj
                0x0000000010000428                hw_claim_or_assert
 .text.hw_claim_unused_from_range
                0x000000001000046c       0x9c CMakeFiles/messages.dir/home/tardis1/rp2040/pico-sdk/src/rp2_common/hardware_claim/claim.c.obj
                0x000000001000046c                hw_claim_unused_from_range
 .text.running_on_fpga
                0x0000000010000508       0x10 CMakeFiles/messages.dir/home/tardis1/rp2040/pico-sdk/src/rp2_common/pico_platform/platform.c.obj
                0x0000000010000508                running_on_fpga
 .text.spin_locks_reset
                0x0000000010000518       0x1c CMakeFiles/messages.dir/home/tardis1/rp2040/pico-sdk/src/rp2_common/hardware_sync/sync.c.obj
                0x0000000010000518                spin_locks_reset
 .text.next_striped_spin_lock_num
                0x0000000010000534       0x18 CMakeFiles/messages.dir/home/tardis1/rp2040/pico-sdk/src/rp2_common/hardware_sync/sync.c.obj
                0x0000000010000534                next_striped_spin_lock_num
 .text.spin_lock_claim_unused
                0x000000001000054c       0x20 CMakeFiles/messages.dir/home/tardis1/rp2040/pico-sdk/src/rp2_common/hardware_sync/sync.c.obj
                0x000000001000054c                spin_lock_claim_unused
 .text.uart_init
                0x000000001000056c       0xe0 CMakeFiles/messages.dir/home/tardis1/rp2040/pico-sdk/src/rp2_common/hardware_uart/uart.c.obj
                0x000000001000056c                uart_init
 .text.timer_pool_entry_comparator
                0x000000001000064c       0x34 CMakeFiles/messages.dir/home/tardis1/rp2040/pico-sdk/src/common/pico_time/time.c.obj
                0x000000001000064c                timer_pool_entry_comparator
 .text.sleep_until_callback
                0x0000000010000680       0x30 CMakeFiles/messages.dir/home/tardis1/rp2040/pico-sdk/src/common/pico_time/time.c.obj
 .text.add_alarm_under_lock.isra.0
                0x00000000100006b0      0x100 CMakeFiles/messages.dir/home/tardis1/rp2040/pico-sdk/src/common/pico_time/time.c.obj
 .text.alarm_pool_alarm_callback
                0x00000000100007b0      0x1c8 CMakeFiles/messages.dir/home/tardis1/rp2040/pico-sdk/src/common/pico_time/time.c.obj
 .text.alarm_pool_add_alarm_at.constprop.0
                0x0000000010000978      0x11c CMakeFiles/messages.dir/home/tardis1/rp2040/pico-sdk/src/common/pico_time/time.c.obj
 .text.alarm_pool_init_default
                0x0000000010000a94       0x64 CMakeFiles/messages.dir/home/tardis1/rp2040/pico-sdk/src/common/pico_time/time.c.obj
                0x0000000010000a94                alarm_pool_init_default
 .text.alarm_pool_get_default
                0x0000000010000af8        0x8 CMakeFiles/messages.dir/home/tardis1/rp2040/pico-sdk/src/common/pico_time/time.c.obj
                0x0000000010000af8                alarm_pool_get_default
 .text.alarm_pool_add_alarm_at
                0x0000000010000b00      0x194 CMakeFiles/messages.dir/home/tardis1/rp2040/pico-sdk/src/common/pico_time/time.c.obj
                0x0000000010000b00                alarm_pool_add_alarm_at
 .text.sleep_until
                0x0000000010000c94       0xac CMakeFiles/messages.dir/home/tardis1/rp2040/pico-sdk/src/common/pico_time/time.c.obj
                0x0000000010000c94                sleep_until
 .text.sleep_ms
                0x0000000010000d40       0x38 CMakeFiles/messages.dir/home/tardis1/rp2040/pico-sdk/src/common/pico_time/time.c.obj
                0x0000000010000d40                sleep_ms
 .text.best_effort_wfe_or_timeout
                0x0000000010000d78       0xd4 CMakeFiles/messages.dir/home/tardis1/rp2040/pico-sdk/src/common/pico_time/time.c.obj
                0x0000000010000d78                best_effort_wfe_or_timeout
 .text.hardware_alarm_irq_handler
                0x0000000010000e4c       0xb8 CMakeFiles/messages.dir/home/tardis1/rp2040/pico-sdk/src/rp2_common/hardware_timer/timer.c.obj
 .text.hardware_alarm_claim
                0x0000000010000f04       0x18 CMakeFiles/messages.dir/home/tardis1/rp2040/pico-sdk/src/rp2_common/hardware_timer/timer.c.obj
                0x0000000010000f04                hardware_alarm_claim
 .text.time_us_64
                0x0000000010000f1c       0x14 CMakeFiles/messages.dir/home/tardis1/rp2040/pico-sdk/src/rp2_common/hardware_timer/timer.c.obj
                0x0000000010000f1c                time_us_64
 .text.busy_wait_until
                0x0000000010000f30       0x20 CMakeFiles/messages.dir/home/tardis1/rp2040/pico-sdk/src/rp2_common/hardware_timer/timer.c.obj
                0x0000000010000f30                busy_wait_until
 .text.hardware_alarm_set_callback
                0x0000000010000f50       0x8c CMakeFiles/messages.dir/home/tardis1/rp2040/pico-sdk/src/rp2_common/hardware_timer/timer.c.obj
                0x0000000010000f50                hardware_alarm_set_callback
 .text.hardware_alarm_set_target
                0x0000000010000fdc       0xe0 CMakeFiles/messages.dir/home/tardis1/rp2040/pico-sdk/src/rp2_common/hardware_timer/timer.c.obj
                0x0000000010000fdc                hardware_alarm_set_target
 .text.hardware_alarm_cancel
                0x00000000100010bc       0x3c CMakeFiles/messages.dir/home/tardis1/rp2040/pico-sdk/src/rp2_common/hardware_timer/timer.c.obj
                0x00000000100010bc                hardware_alarm_cancel
 .text.lock_init
                0x00000000100010f8       0x10 CMakeFiles/messages.dir/home/tardis1/rp2040/pico-sdk/src/common/pico_sync/lock_core.c.obj
                0x00000000100010f8                lock_init
 .text.mutex_init
                0x0000000010001108       0x1c CMakeFiles/messages.dir/home/tardis1/rp2040/pico-sdk/src/common/pico_sync/mutex.c.obj
                0x0000000010001108                mutex_init
 .text.recursive_mutex_init
                0x0000000010001124       0x1c CMakeFiles/messages.dir/home/tardis1/rp2040/pico-sdk/src/common/pico_sync/mutex.c.obj
                0x0000000010001124                recursive_mutex_init
 .text.critical_section_init
                0x0000000010001140       0x20 CMakeFiles/messages.dir/home/tardis1/rp2040/pico-sdk/src/common/pico_sync/critical_section.c.obj
                0x0000000010001140                critical_section_init
 .text.ph_merge_nodes
                0x0000000010001160       0x68 CMakeFiles/messages.dir/home/tardis1/rp2040/pico-sdk/src/common/pico_util/pheap.c.obj
 .text.ph_post_alloc_init
                0x00000000100011c8       0x3c CMakeFiles/messages.dir/home/tardis1/rp2040/pico-sdk/src/common/pico_util/pheap.c.obj
                0x00000000100011c8                ph_post_alloc_init
 .text.ph_merge_two_pass
                0x0000000010001204       0x90 CMakeFiles/messages.dir/home/tardis1/rp2040/pico-sdk/src/common/pico_util/pheap.c.obj
                0x0000000010001204                ph_merge_two_pass
 .text.ph_remove_any_head
                0x0000000010001294       0xf8 CMakeFiles/messages.dir/home/tardis1/rp2040/pico-sdk/src/common/pico_util/pheap.c.obj
 .text.ph_remove_head
                0x000000001000138c       0xfc CMakeFiles/messages.dir/home/tardis1/rp2040/pico-sdk/src/common/pico_util/pheap.c.obj
                0x000000001000138c                ph_remove_head
 .text.ph_remove_and_free_node
                0x0000000010001488       0x7c CMakeFiles/messages.dir/home/tardis1/rp2040/pico-sdk/src/common/pico_util/pheap.c.obj
                0x0000000010001488                ph_remove_and_free_node
 .text.runtime_init
                0x0000000010001504       0xf0 CMakeFiles/messages.dir/home/tardis1/rp2040/pico-sdk/src/rp2_common/pico_runtime/runtime.c.obj
                0x0000000010001504                runtime_init
 .text.exit     0x00000000100015f4        0x4 CMakeFiles/messages.dir/home/tardis1/rp2040/pico-sdk/src/rp2_common/pico_runtime/runtime.c.obj
                0x00000000100015f4                exit
 .text.panic    0x00000000100015f8       0x30 CMakeFiles/messages.dir/home/tardis1/rp2040/pico-sdk/src/rp2_common/pico_runtime/runtime.c.obj
                0x00000000100015f8                panic
 .text.hard_assertion_failure
                0x0000000010001628        0xc CMakeFiles/messages.dir/home/tardis1/rp2040/pico-sdk/src/rp2_common/pico_runtime/runtime.c.obj
                0x0000000010001628                hard_assertion_failure
 .text.clocks_init
                0x0000000010001634      0x2bc CMakeFiles/messages.dir/home/tardis1/rp2040/pico-sdk/src/rp2_common/hardware_clocks/clocks.c.obj
                0x0000000010001634                clocks_init
 .text.clock_get_hz
                0x00000000100018f0        0xc CMakeFiles/messages.dir/home/tardis1/rp2040/pico-sdk/src/rp2_common/hardware_clocks/clocks.c.obj
                0x00000000100018f0                clock_get_hz
 .text.irq_set_enabled
                0x00000000100018fc       0x24 CMakeFiles/messages.dir/home/tardis1/rp2040/pico-sdk/src/rp2_common/hardware_irq/irq.c.obj
                0x00000000100018fc                irq_set_enabled
 .text.irq_set_pending
                0x0000000010001920       0x10 CMakeFiles/messages.dir/home/tardis1/rp2040/pico-sdk/src/rp2_common/hardware_irq/irq.c.obj
                0x0000000010001920                irq_set_pending
 .text.irq_get_vtable_handler
                0x0000000010001930       0x10 CMakeFiles/messages.dir/home/tardis1/rp2040/pico-sdk/src/rp2_common/hardware_irq/irq.c.obj
                0x0000000010001930                irq_get_vtable_handler
 .text.irq_set_exclusive_handler
                0x0000000010001940       0x54 CMakeFiles/messages.dir/home/tardis1/rp2040/pico-sdk/src/rp2_common/hardware_irq/irq.c.obj
                0x0000000010001940                irq_set_exclusive_handler
 .text.irq_remove_handler
                0x0000000010001994      0x1b4 CMakeFiles/messages.dir/home/tardis1/rp2040/pico-sdk/src/rp2_common/hardware_irq/irq.c.obj
                0x0000000010001994                irq_remove_handler
 .text.irq_add_tail_to_free_list
                0x0000000010001b48       0xb4 CMakeFiles/messages.dir/home/tardis1/rp2040/pico-sdk/src/rp2_common/hardware_irq/irq.c.obj
                0x0000000010001b48                irq_add_tail_to_free_list
 .text.irq_init_priorities
                0x0000000010001bfc       0x24 CMakeFiles/messages.dir/home/tardis1/rp2040/pico-sdk/src/rp2_common/hardware_irq/irq.c.obj
                0x0000000010001bfc                irq_init_priorities
 .text.pll_init
                0x0000000010001c20       0xa8 CMakeFiles/messages.dir/home/tardis1/rp2040/pico-sdk/src/rp2_common/hardware_pll/pll.c.obj
                0x0000000010001c20                pll_init
 .text.watchdog_start_tick
                0x0000000010001cc8       0x10 CMakeFiles/messages.dir/home/tardis1/rp2040/pico-sdk/src/rp2_common/hardware_watchdog/watchdog.c.obj
                0x0000000010001cc8                watchdog_start_tick
 .text.watchdog_reboot
                0x0000000010001cd8       0x98 CMakeFiles/messages.dir/home/tardis1/rp2040/pico-sdk/src/rp2_common/hardware_watchdog/watchdog.c.obj
                0x0000000010001cd8                watchdog_reboot
 .text.xosc_init
                0x0000000010001d70       0x28 CMakeFiles/messages.dir/home/tardis1/rp2040/pico-sdk/src/rp2_common/hardware_xosc/xosc.c.obj
                0x0000000010001d70                xosc_init
 .text._out_null
                0x0000000010001d98        0x4 CMakeFiles/messages.dir/home/tardis1/rp2040/pico-sdk/src/rp2_common/pico_printf/printf.c.obj
 .text._out_rev
                0x0000000010001d9c       0x9c CMakeFiles/messages.dir/home/tardis1/rp2040/pico-sdk/src/rp2_common/pico_printf/printf.c.obj
 .text._ntoa_format
                0x0000000010001e38      0x1cc CMakeFiles/messages.dir/home/tardis1/rp2040/pico-sdk/src/rp2_common/pico_printf/printf.c.obj
 .text._out_char
                0x0000000010002004       0x10 CMakeFiles/messages.dir/home/tardis1/rp2040/pico-sdk/src/rp2_common/pico_printf/printf.c.obj
 .text._out_fct
                0x0000000010002014       0x10 CMakeFiles/messages.dir/home/tardis1/rp2040/pico-sdk/src/rp2_common/pico_printf/printf.c.obj
 .text._etoa    0x0000000010002024      0x44c CMakeFiles/messages.dir/home/tardis1/rp2040/pico-sdk/src/rp2_common/pico_printf/printf.c.obj
 .text._ftoa    0x0000000010002470      0x398 CMakeFiles/messages.dir/home/tardis1/rp2040/pico-sdk/src/rp2_common/pico_printf/printf.c.obj
 .text._vsnprintf
                0x0000000010002808      0xb04 CMakeFiles/messages.dir/home/tardis1/rp2040/pico-sdk/src/rp2_common/pico_printf/printf.c.obj
 .text.vfctprintf
                0x000000001000330c       0x20 CMakeFiles/messages.dir/home/tardis1/rp2040/pico-sdk/src/rp2_common/pico_printf/printf.c.obj
                0x000000001000330c                vfctprintf
 .text.weak_raw_vprintf
                0x000000001000332c       0x30 CMakeFiles/messages.dir/home/tardis1/rp2040/pico-sdk/src/rp2_common/pico_printf/printf.c.obj
                0x000000001000332c                weak_raw_vprintf
 .text          0x000000001000335c       0x10 CMakeFiles/messages.dir/home/tardis1/rp2040/pico-sdk/src/rp2_common/pico_bit_ops/bit_ops_aeabi.S.obj
 .text.rom_func_lookup
                0x000000001000336c       0x10 CMakeFiles/messages.dir/home/tardis1/rp2040/pico-sdk/src/rp2_common/pico_bootrom/bootrom.c.obj
                0x000000001000336c                rom_func_lookup
 .text.rom_data_lookup
                0x000000001000337c       0x10 CMakeFiles/messages.dir/home/tardis1/rp2040/pico-sdk/src/rp2_common/pico_bootrom/bootrom.c.obj
                0x000000001000337c                rom_data_lookup
 .text.rom_funcs_lookup
                0x000000001000338c       0x44 CMakeFiles/messages.dir/home/tardis1/rp2040/pico-sdk/src/rp2_common/pico_bootrom/bootrom.c.obj
                0x000000001000338c                rom_funcs_lookup
 .text.__wrap___aeabi_idiv
                0x00000000100033d0       0x50 CMakeFiles/messages.dir/home/tardis1/rp2040/pico-sdk/src/rp2_common/pico_divider/divider.S.obj
                0x00000000100033d0                __wrap___aeabi_idivmod
                0x00000000100033d0                divmod_s32s32
                0x00000000100033d0                div_s32s32
                0x00000000100033d0                __wrap___aeabi_idiv
                0x00000000100033d8                divmod_s32s32_unsafe
                0x0000000010003404                divmod_s32s32_savestate
 .text.__wrap___aeabi_uidiv
                0x0000000010003420       0x4c CMakeFiles/messages.dir/home/tardis1/rp2040/pico-sdk/src/rp2_common/pico_divider/divider.S.obj
                0x0000000010003420                __wrap___aeabi_uidiv
                0x0000000010003420                __wrap___aeabi_uidivmod
                0x0000000010003420                div_u32u32
                0x0000000010003420                divmod_u32u32
                0x0000000010003428                divmod_u32u32_unsafe
                0x0000000010003450                divmod_u32u32_savestate
 .text.__wrap___aeabi_ldiv
                0x000000001000346c      0x434 CMakeFiles/messages.dir/home/tardis1/rp2040/pico-sdk/src/rp2_common/pico_divider/divider.S.obj
                0x000000001000346c                div_s64s64
                0x000000001000346c                divmod_s64s64
                0x000000001000346c                __wrap___aeabi_ldivmod
                0x00000000100034a4                div_u64u64
                0x00000000100034a4                divmod_u64u64
                0x00000000100034a4                __wrap___aeabi_uldivmod
                0x00000000100034b4                divmod_u64u64_savestate
                0x00000000100034dc                divmod_s64s64_unsafe
                0x0000000010003564                divmod_u64u64_unsafe
 .text.__wrap___aeabi_darithmetic
                0x00000000100038a0       0x80 CMakeFiles/messages.dir/home/tardis1/rp2040/pico-sdk/src/rp2_common/pico_double/double_aeabi.S.obj
                0x00000000100038a0                __wrap___aeabi_drsub
                0x00000000100038a6                __wrap___aeabi_dsub
                0x00000000100038b8                __wrap___aeabi_dadd
                0x00000000100038ca                __wrap___aeabi_ddiv
                0x0000000010003906                __wrap___aeabi_dmul
 .text.__wrap___aeabi_cdcmple
                0x0000000010003920       0x6c CMakeFiles/messages.dir/home/tardis1/rp2040/pico-sdk/src/rp2_common/pico_double/double_aeabi.S.obj
                0x0000000010003920                __wrap___aeabi_cdrcmple
                0x0000000010003930                __wrap___aeabi_cdcmple
                0x0000000010003930                __wrap___aeabi_cdcmpeq
 .text.__wrap___aeabi_dcmplt
                0x000000001000398c        0xc CMakeFiles/messages.dir/home/tardis1/rp2040/pico-sdk/src/rp2_common/pico_double/double_aeabi.S.obj
                0x000000001000398c                __wrap___aeabi_dcmplt
 .text.__wrap___aeabi_dcmple
                0x0000000010003998       0x10 CMakeFiles/messages.dir/home/tardis1/rp2040/pico-sdk/src/rp2_common/pico_double/double_aeabi.S.obj
                0x0000000010003998                __wrap___aeabi_dcmple
 .text.__wrap___aeabi_dcmpge
                0x00000000100039a8       0x10 CMakeFiles/messages.dir/home/tardis1/rp2040/pico-sdk/src/rp2_common/pico_double/double_aeabi.S.obj
                0x00000000100039a8                __wrap___aeabi_dcmpge
 .text.__wrap___aeabi_dcmpgt
                0x00000000100039b8        0xa CMakeFiles/messages.dir/home/tardis1/rp2040/pico-sdk/src/rp2_common/pico_double/double_aeabi.S.obj
                0x00000000100039b8                __wrap___aeabi_dcmpgt
 .text.__wrap___aeabi_dcmpun
                0x00000000100039c2       0x1c CMakeFiles/messages.dir/home/tardis1/rp2040/pico-sdk/src/rp2_common/pico_double/double_aeabi.S.obj
                0x00000000100039c2                __wrap___aeabi_dcmpun
 *fill*         0x00000000100039de        0x2 
 .text.__wrap___aeabi_i2d
                0x00000000100039e0       0x38 CMakeFiles/messages.dir/home/tardis1/rp2040/pico-sdk/src/rp2_common/pico_double/double_aeabi.S.obj
                0x00000000100039e0                __wrap___aeabi_ui2d
                0x00000000100039e8                __wrap___aeabi_i2d
 .text.__wrap___aeabi_d2iz
                0x0000000010003a18       0x48 CMakeFiles/messages.dir/home/tardis1/rp2040/pico-sdk/src/rp2_common/pico_double/double_aeabi.S.obj
                0x0000000010003a18                __wrap___aeabi_d2iz
                0x0000000010003a18                double2int_z
 .text.__wrap___aeabi_d2uiz
                0x0000000010003a60       0x18 CMakeFiles/messages.dir/home/tardis1/rp2040/pico-sdk/src/rp2_common/pico_double/double_aeabi.S.obj
                0x0000000010003a60                double2uint
                0x0000000010003a60                __wrap___aeabi_d2uiz
 .text.__aeabi_double_init
                0x0000000010003a78       0x94 CMakeFiles/messages.dir/home/tardis1/rp2040/pico-sdk/src/rp2_common/pico_double/double_init_rom.c.obj
                0x0000000010003a78                __aeabi_double_init
 .text.double_table_shim_on_use_helper
                0x0000000010003b0c       0x2c CMakeFiles/messages.dir/home/tardis1/rp2040/pico-sdk/src/rp2_common/pico_double/double_v1_rom_shim.S.obj
                0x0000000010003b0c                double_table_shim_on_use_helper
 .text.__wrap___aeabi_dsub
                0x0000000010003b38       0x10 CMakeFiles/messages.dir/home/tardis1/rp2040/pico-sdk/src/rp2_common/pico_double/double_v1_rom_shim.S.obj
                0x0000000010003b38                drsub_shim
                0x0000000010003b3e                dsub_shim
 .text.dadd_shim
                0x0000000010003b48      0x15c CMakeFiles/messages.dir/home/tardis1/rp2040/pico-sdk/src/rp2_common/pico_double/double_v1_rom_shim.S.obj
                0x0000000010003b48                dadd_shim
 .text.dmul_shim
                0x0000000010003ca4      0x15c CMakeFiles/messages.dir/home/tardis1/rp2040/pico-sdk/src/rp2_common/pico_double/double_v1_rom_shim.S.obj
                0x0000000010003ca4                dmul_shim
 .text.ddiv_shim
                0x0000000010003e00      0x1b0 CMakeFiles/messages.dir/home/tardis1/rp2040/pico-sdk/src/rp2_common/pico_double/double_v1_rom_shim.S.obj
                0x0000000010003e00                ddiv_shim
 .text.double2uint_shim
                0x0000000010003fb0        0xe CMakeFiles/messages.dir/home/tardis1/rp2040/pico-sdk/src/rp2_common/pico_double/double_v1_rom_shim.S.obj
                0x0000000010003fb0                double2uint_shim
                0x0000000010003fb2                double2ufix_shim
 *fill*         0x0000000010003fbe        0x2 
 .text.double2uint64_shim
                0x0000000010003fc0       0x70 CMakeFiles/messages.dir/home/tardis1/rp2040/pico-sdk/src/rp2_common/pico_double/double_v1_rom_shim.S.obj
                0x0000000010003fc0                double2uint64_shim
                0x0000000010003fc2                double2ufix64_shim
                0x0000000010003fe2                d2fix_a
 .text.dunpacks
                0x0000000010004030       0x3c CMakeFiles/messages.dir/home/tardis1/rp2040/pico-sdk/src/rp2_common/pico_double/double_v1_rom_shim.S.obj
                0x0000000010004030                dunpacks
 .text.__aeabi_lmul
                0x000000001000406c       0x32 CMakeFiles/messages.dir/home/tardis1/rp2040/pico-sdk/src/rp2_common/pico_int64_ops/pico_int64_ops_aeabi.S.obj
                0x000000001000406c                __wrap___aeabi_lmul
 *fill*         0x000000001000409e        0x2 
 .text.__aeabi_float_init
                0x00000000100040a0       0x64 CMakeFiles/messages.dir/home/tardis1/rp2040/pico-sdk/src/rp2_common/pico_float/float_init_rom.c.obj
                0x00000000100040a0                __aeabi_float_init
 .text.float_table_shim_on_use_helper
                0x0000000010004104       0x2c CMakeFiles/messages.dir/home/tardis1/rp2040/pico-sdk/src/rp2_common/pico_float/float_v1_rom_shim.S.obj
                0x0000000010004104                float_table_shim_on_use_helper
 .text          0x0000000010004130       0x10 CMakeFiles/messages.dir/home/tardis1/rp2040/pico-sdk/src/rp2_common/pico_mem_ops/mem_ops_aeabi.S.obj
                0x0000000010004130                __aeabi_mem_init
 .text.memset   0x0000000010004140        0xc CMakeFiles/messages.dir/home/tardis1/rp2040/pico-sdk/src/rp2_common/pico_mem_ops/mem_ops_aeabi.S.obj
                0x0000000010004140                __wrap_memset
 .text.memcpy   0x000000001000414c        0xc CMakeFiles/messages.dir/home/tardis1/rp2040/pico-sdk/src/rp2_common/pico_mem_ops/mem_ops_aeabi.S.obj
                0x000000001000414c                __wrap___aeabi_memcpy
                0x000000001000414c                __wrap_memcpy
 .text.stdio_out_chars_no_crlf
                0x0000000010004158       0x10 CMakeFiles/messages.dir/home/tardis1/rp2040/pico-sdk/src/rp2_common/pico_stdio/stdio.c.obj
 .text.stdio_out_chars_crlf
                0x0000000010004168       0xb4 CMakeFiles/messages.dir/home/tardis1/rp2040/pico-sdk/src/rp2_common/pico_stdio/stdio.c.obj
 .text.stdio_buffered_printer
                0x000000001000421c       0x64 CMakeFiles/messages.dir/home/tardis1/rp2040/pico-sdk/src/rp2_common/pico_stdio/stdio.c.obj
 .text.stdio_put_string.isra.0
                0x0000000010004280       0xfc CMakeFiles/messages.dir/home/tardis1/rp2040/pico-sdk/src/rp2_common/pico_stdio/stdio.c.obj
 .text.__wrap_putchar
                0x000000001000437c       0xa0 CMakeFiles/messages.dir/home/tardis1/rp2040/pico-sdk/src/rp2_common/pico_stdio/stdio.c.obj
                0x000000001000437c                __wrap_putchar
 .text.__wrap_puts
                0x000000001000441c       0x3c CMakeFiles/messages.dir/home/tardis1/rp2040/pico-sdk/src/rp2_common/pico_stdio/stdio.c.obj
                0x000000001000441c                __wrap_puts
 .text.stdio_set_driver_enabled
                0x0000000010004458       0x3c CMakeFiles/messages.dir/home/tardis1/rp2040/pico-sdk/src/rp2_common/pico_stdio/stdio.c.obj
                0x0000000010004458                stdio_set_driver_enabled
 .text.__wrap_vprintf
                0x0000000010004494       0xd8 CMakeFiles/messages.dir/home/tardis1/rp2040/pico-sdk/src/rp2_common/pico_stdio/stdio.c.obj
                0x0000000010004494                __wrap_vprintf
 .text.__wrap_printf
                0x000000001000456c       0x18 CMakeFiles/messages.dir/home/tardis1/rp2040/pico-sdk/src/rp2_common/pico_stdio/stdio.c.obj
                0x000000001000456c                __wrap_printf
 .text.stdio_init_all
                0x0000000010004584        0xc CMakeFiles/messages.dir/home/tardis1/rp2040/pico-sdk/src/rp2_common/pico_stdio/stdio.c.obj
                0x0000000010004584                stdio_init_all
 .text.stdio_uart_out_chars
                0x0000000010004590       0x4c CMakeFiles/messages.dir/home/tardis1/rp2040/pico-sdk/src/rp2_common/pico_stdio_uart/stdio_uart.c.obj
 .text.stdio_uart_in_chars
                0x00000000100045dc       0x38 CMakeFiles/messages.dir/home/tardis1/rp2040/pico-sdk/src/rp2_common/pico_stdio_uart/stdio_uart.c.obj
                0x00000000100045dc                stdio_uart_in_chars
 .text.stdio_uart_init
                0x0000000010004614       0x48 CMakeFiles/messages.dir/home/tardis1/rp2040/pico-sdk/src/rp2_common/pico_stdio_uart/stdio_uart.c.obj
                0x0000000010004614                stdio_uart_init
 .text.resetd_init
                0x000000001000465c        0x4 CMakeFiles/messages.dir/home/tardis1/rp2040/pico-sdk/src/rp2_common/pico_stdio_usb/reset_interface.c.obj
 .text.resetd_reset
                0x0000000010004660        0xc CMakeFiles/messages.dir/home/tardis1/rp2040/pico-sdk/src/rp2_common/pico_stdio_usb/reset_interface.c.obj
 .text.resetd_open
                0x000000001000466c       0x28 CMakeFiles/messages.dir/home/tardis1/rp2040/pico-sdk/src/rp2_common/pico_stdio_usb/reset_interface.c.obj
 .text.resetd_xfer_cb
                0x0000000010004694        0x4 CMakeFiles/messages.dir/home/tardis1/rp2040/pico-sdk/src/rp2_common/pico_stdio_usb/reset_interface.c.obj
 .text.resetd_control_xfer_cb
                0x0000000010004698       0x64 CMakeFiles/messages.dir/home/tardis1/rp2040/pico-sdk/src/rp2_common/pico_stdio_usb/reset_interface.c.obj
 .text.usbd_app_driver_get_cb
                0x00000000100046fc        0xc CMakeFiles/messages.dir/home/tardis1/rp2040/pico-sdk/src/rp2_common/pico_stdio_usb/reset_interface.c.obj
                0x00000000100046fc                usbd_app_driver_get_cb
 .text.tud_cdc_line_coding_cb
                0x0000000010004708       0x34 CMakeFiles/messages.dir/home/tardis1/rp2040/pico-sdk/src/rp2_common/pico_stdio_usb/reset_interface.c.obj
                0x0000000010004708                tud_cdc_line_coding_cb
 .text.stdio_usb_in_chars
                0x000000001000473c       0x68 CMakeFiles/messages.dir/home/tardis1/rp2040/pico-sdk/src/rp2_common/pico_stdio_usb/stdio_usb.c.obj
                0x000000001000473c                stdio_usb_in_chars
 .text.stdio_usb_out_chars
                0x00000000100047a4       0xe4 CMakeFiles/messages.dir/home/tardis1/rp2040/pico-sdk/src/rp2_common/pico_stdio_usb/stdio_usb.c.obj
 .text.timer_task
                0x0000000010004888       0x10 CMakeFiles/messages.dir/home/tardis1/rp2040/pico-sdk/src/rp2_common/pico_stdio_usb/stdio_usb.c.obj
 .text.low_priority_worker_irq
                0x0000000010004898       0x24 CMakeFiles/messages.dir/home/tardis1/rp2040/pico-sdk/src/rp2_common/pico_stdio_usb/stdio_usb.c.obj
 .text.stdio_usb_init
                0x00000000100048bc       0x90 CMakeFiles/messages.dir/home/tardis1/rp2040/pico-sdk/src/rp2_common/pico_stdio_usb/stdio_usb.c.obj
                0x00000000100048bc                stdio_usb_init
 .text.tud_descriptor_device_cb
                0x000000001000494c        0x8 CMakeFiles/messages.dir/home/tardis1/rp2040/pico-sdk/src/rp2_common/pico_stdio_usb/stdio_usb_descriptors.c.obj
                0x000000001000494c                tud_descriptor_device_cb
 .text.tud_descriptor_configuration_cb
                0x0000000010004954        0x8 CMakeFiles/messages.dir/home/tardis1/rp2040/pico-sdk/src/rp2_common/pico_stdio_usb/stdio_usb_descriptors.c.obj
                0x0000000010004954                tud_descriptor_configuration_cb
 .text.tud_descriptor_string_cb
                0x000000001000495c       0x74 CMakeFiles/messages.dir/home/tardis1/rp2040/pico-sdk/src/rp2_common/pico_stdio_usb/stdio_usb_descriptors.c.obj
                0x000000001000495c                tud_descriptor_string_cb
 .text.dcd_rp2040_irq
                0x00000000100049d0      0x21c CMakeFiles/messages.dir/home/tardis1/rp2040/pico-sdk/lib/tinyusb/src/portable/raspberrypi/rp2040/dcd_rp2040.c.obj
 .text.dcd_int_enable
                0x0000000010004bec        0xc CMakeFiles/messages.dir/home/tardis1/rp2040/pico-sdk/lib/tinyusb/src/portable/raspberrypi/rp2040/dcd_rp2040.c.obj
                0x0000000010004bec                dcd_int_enable
 .text.dcd_set_address
                0x0000000010004bf8       0x14 CMakeFiles/messages.dir/home/tardis1/rp2040/pico-sdk/lib/tinyusb/src/portable/raspberrypi/rp2040/dcd_rp2040.c.obj
                0x0000000010004bf8                dcd_set_address
 .text.dcd_connect
                0x0000000010004c0c       0x10 CMakeFiles/messages.dir/home/tardis1/rp2040/pico-sdk/lib/tinyusb/src/portable/raspberrypi/rp2040/dcd_rp2040.c.obj
                0x0000000010004c0c                dcd_connect
 .text.dcd_init
                0x0000000010004c1c      0x144 CMakeFiles/messages.dir/home/tardis1/rp2040/pico-sdk/lib/tinyusb/src/portable/raspberrypi/rp2040/dcd_rp2040.c.obj
                0x0000000010004c1c                dcd_init
 .text.dcd_edpt0_status_complete
                0x0000000010004d60       0x1c CMakeFiles/messages.dir/home/tardis1/rp2040/pico-sdk/lib/tinyusb/src/portable/raspberrypi/rp2040/dcd_rp2040.c.obj
                0x0000000010004d60                dcd_edpt0_status_complete
 .text.dcd_edpt_open
                0x0000000010004d7c       0xf0 CMakeFiles/messages.dir/home/tardis1/rp2040/pico-sdk/lib/tinyusb/src/portable/raspberrypi/rp2040/dcd_rp2040.c.obj
                0x0000000010004d7c                dcd_edpt_open
 .text.dcd_edpt_close_all
                0x0000000010004e6c       0xbc CMakeFiles/messages.dir/home/tardis1/rp2040/pico-sdk/lib/tinyusb/src/portable/raspberrypi/rp2040/dcd_rp2040.c.obj
                0x0000000010004e6c                dcd_edpt_close_all
 .text.dcd_edpt_xfer
                0x0000000010004f28       0x24 CMakeFiles/messages.dir/home/tardis1/rp2040/pico-sdk/lib/tinyusb/src/portable/raspberrypi/rp2040/dcd_rp2040.c.obj
                0x0000000010004f28                dcd_edpt_xfer
 .text.dcd_edpt_stall
                0x0000000010004f4c       0x38 CMakeFiles/messages.dir/home/tardis1/rp2040/pico-sdk/lib/tinyusb/src/portable/raspberrypi/rp2040/dcd_rp2040.c.obj
                0x0000000010004f4c                dcd_edpt_stall
 .text.dcd_edpt_clear_stall
                0x0000000010004f84       0x30 CMakeFiles/messages.dir/home/tardis1/rp2040/pico-sdk/lib/tinyusb/src/portable/raspberrypi/rp2040/dcd_rp2040.c.obj
                0x0000000010004f84                dcd_edpt_clear_stall
 .text._hw_endpoint_buffer_control_update32.part.0.isra.0
                0x0000000010004fb4       0x1c CMakeFiles/messages.dir/home/tardis1/rp2040/pico-sdk/lib/tinyusb/src/portable/raspberrypi/rp2040/rp2040_usb.c.obj
 .text.rp2040_usb_init
                0x0000000010004fd0       0x4c CMakeFiles/messages.dir/home/tardis1/rp2040/pico-sdk/lib/tinyusb/src/portable/raspberrypi/rp2040/rp2040_usb.c.obj
                0x0000000010004fd0                rp2040_usb_init
 .text.hw_endpoint_reset_transfer
                0x000000001000501c        0xc CMakeFiles/messages.dir/home/tardis1/rp2040/pico-sdk/lib/tinyusb/src/portable/raspberrypi/rp2040/rp2040_usb.c.obj
                0x000000001000501c                hw_endpoint_reset_transfer
 .text._hw_endpoint_buffer_control_update32
                0x0000000010005028       0x44 CMakeFiles/messages.dir/home/tardis1/rp2040/pico-sdk/lib/tinyusb/src/portable/raspberrypi/rp2040/rp2040_usb.c.obj
                0x0000000010005028                _hw_endpoint_buffer_control_update32
 .text.hw_endpoint_xfer_start
                0x000000001000506c      0x138 CMakeFiles/messages.dir/home/tardis1/rp2040/pico-sdk/lib/tinyusb/src/portable/raspberrypi/rp2040/rp2040_usb.c.obj
                0x000000001000506c                hw_endpoint_xfer_start
 .text.hw_endpoint_xfer_continue
                0x00000000100051a4      0x1e4 CMakeFiles/messages.dir/home/tardis1/rp2040/pico-sdk/lib/tinyusb/src/portable/raspberrypi/rp2040/rp2040_usb.c.obj
                0x00000000100051a4                hw_endpoint_xfer_continue
 .text.tud_mounted
                0x0000000010005388       0x10 CMakeFiles/messages.dir/home/tardis1/rp2040/pico-sdk/lib/tinyusb/src/device/usbd.c.obj
                0x0000000010005388                tud_mounted
 .text.tud_suspended
                0x0000000010005398       0x10 CMakeFiles/messages.dir/home/tardis1/rp2040/pico-sdk/lib/tinyusb/src/device/usbd.c.obj
                0x0000000010005398                tud_suspended
 .text.tud_inited
                0x00000000100053a8        0xc CMakeFiles/messages.dir/home/tardis1/rp2040/pico-sdk/lib/tinyusb/src/device/usbd.c.obj
                0x00000000100053a8                tud_inited
 .text.tud_init
                0x00000000100053b4       0xd8 CMakeFiles/messages.dir/home/tardis1/rp2040/pico-sdk/lib/tinyusb/src/device/usbd.c.obj
                0x00000000100053b4                tud_init
 .text.tud_task
                0x000000001000548c      0x8ec CMakeFiles/messages.dir/home/tardis1/rp2040/pico-sdk/lib/tinyusb/src/device/usbd.c.obj
                0x000000001000548c                tud_task
 .text.dcd_event_bus_signal
                0x0000000010005d78      0x120 CMakeFiles/messages.dir/home/tardis1/rp2040/pico-sdk/lib/tinyusb/src/device/usbd.c.obj
                0x0000000010005d78                dcd_event_bus_signal
 .text.dcd_event_bus_reset
                0x0000000010005e98       0x54 CMakeFiles/messages.dir/home/tardis1/rp2040/pico-sdk/lib/tinyusb/src/device/usbd.c.obj
                0x0000000010005e98                dcd_event_bus_reset
 .text.dcd_event_setup_received
                0x0000000010005eec       0x50 CMakeFiles/messages.dir/home/tardis1/rp2040/pico-sdk/lib/tinyusb/src/device/usbd.c.obj
                0x0000000010005eec                dcd_event_setup_received
 .text.dcd_event_xfer_complete
                0x0000000010005f3c       0x68 CMakeFiles/messages.dir/home/tardis1/rp2040/pico-sdk/lib/tinyusb/src/device/usbd.c.obj
                0x0000000010005f3c                dcd_event_xfer_complete
 .text.usbd_open_edpt_pair
                0x0000000010005fa4       0x80 CMakeFiles/messages.dir/home/tardis1/rp2040/pico-sdk/lib/tinyusb/src/device/usbd.c.obj
                0x0000000010005fa4                usbd_open_edpt_pair
 .text.usbd_edpt_open
                0x0000000010006024       0x30 CMakeFiles/messages.dir/home/tardis1/rp2040/pico-sdk/lib/tinyusb/src/device/usbd.c.obj
                0x0000000010006024                usbd_edpt_open
 .text.usbd_edpt_claim
                0x0000000010006054       0x64 CMakeFiles/messages.dir/home/tardis1/rp2040/pico-sdk/lib/tinyusb/src/device/usbd.c.obj
                0x0000000010006054                usbd_edpt_claim
 .text.usbd_edpt_release
                0x00000000100060b8       0x4c CMakeFiles/messages.dir/home/tardis1/rp2040/pico-sdk/lib/tinyusb/src/device/usbd.c.obj
                0x00000000100060b8                usbd_edpt_release
 .text.usbd_edpt_xfer
                0x0000000010006104       0x48 CMakeFiles/messages.dir/home/tardis1/rp2040/pico-sdk/lib/tinyusb/src/device/usbd.c.obj
                0x0000000010006104                usbd_edpt_xfer
 .text.tud_control_status
                0x000000001000614c       0x30 CMakeFiles/messages.dir/home/tardis1/rp2040/pico-sdk/lib/tinyusb/src/device/usbd_control.c.obj
                0x000000001000614c                tud_control_status
 .text.tud_control_xfer
                0x000000001000617c       0xbc CMakeFiles/messages.dir/home/tardis1/rp2040/pico-sdk/lib/tinyusb/src/device/usbd_control.c.obj
                0x000000001000617c                tud_control_xfer
 .text.usbd_control_reset
                0x0000000010006238       0x14 CMakeFiles/messages.dir/home/tardis1/rp2040/pico-sdk/lib/tinyusb/src/device/usbd_control.c.obj
                0x0000000010006238                usbd_control_reset
 .text.usbd_control_set_complete_callback
                0x000000001000624c        0xc CMakeFiles/messages.dir/home/tardis1/rp2040/pico-sdk/lib/tinyusb/src/device/usbd_control.c.obj
                0x000000001000624c                usbd_control_set_complete_callback
 .text.usbd_control_set_request
                0x0000000010006258       0x1c CMakeFiles/messages.dir/home/tardis1/rp2040/pico-sdk/lib/tinyusb/src/device/usbd_control.c.obj
                0x0000000010006258                usbd_control_set_request
 .text.usbd_control_xfer_cb
                0x0000000010006274       0xfc CMakeFiles/messages.dir/home/tardis1/rp2040/pico-sdk/lib/tinyusb/src/device/usbd_control.c.obj
                0x0000000010006274                usbd_control_xfer_cb
 .text.tud_cdc_n_connected
                0x0000000010006370       0x30 CMakeFiles/messages.dir/home/tardis1/rp2040/pico-sdk/lib/tinyusb/src/class/cdc/cdc_device.c.obj
                0x0000000010006370                tud_cdc_n_connected
 .text.tud_cdc_n_available
                0x00000000100063a0       0x18 CMakeFiles/messages.dir/home/tardis1/rp2040/pico-sdk/lib/tinyusb/src/class/cdc/cdc_device.c.obj
                0x00000000100063a0                tud_cdc_n_available
 .text.tud_cdc_n_read
                0x00000000100063b8       0x70 CMakeFiles/messages.dir/home/tardis1/rp2040/pico-sdk/lib/tinyusb/src/class/cdc/cdc_device.c.obj
                0x00000000100063b8                tud_cdc_n_read
 .text.tud_cdc_n_write_flush
                0x0000000010006428       0x78 CMakeFiles/messages.dir/home/tardis1/rp2040/pico-sdk/lib/tinyusb/src/class/cdc/cdc_device.c.obj
                0x0000000010006428                tud_cdc_n_write_flush
 .text.tud_cdc_n_write
                0x00000000100064a0       0x34 CMakeFiles/messages.dir/home/tardis1/rp2040/pico-sdk/lib/tinyusb/src/class/cdc/cdc_device.c.obj
                0x00000000100064a0                tud_cdc_n_write
 .text.tud_cdc_n_write_available
                0x00000000100064d4       0x18 CMakeFiles/messages.dir/home/tardis1/rp2040/pico-sdk/lib/tinyusb/src/class/cdc/cdc_device.c.obj
                0x00000000100064d4                tud_cdc_n_write_available
 .text.cdcd_init
                0x00000000100064ec       0x7c CMakeFiles/messages.dir/home/tardis1/rp2040/pico-sdk/lib/tinyusb/src/class/cdc/cdc_device.c.obj
                0x00000000100064ec                cdcd_init
 .text.cdcd_reset
                0x0000000010006568       0x2c CMakeFiles/messages.dir/home/tardis1/rp2040/pico-sdk/lib/tinyusb/src/class/cdc/cdc_device.c.obj
                0x0000000010006568                cdcd_reset
 .text.cdcd_open
                0x0000000010006594       0xe4 CMakeFiles/messages.dir/home/tardis1/rp2040/pico-sdk/lib/tinyusb/src/class/cdc/cdc_device.c.obj
                0x0000000010006594                cdcd_open
 .text.cdcd_control_xfer_cb
                0x0000000010006678       0xe4 CMakeFiles/messages.dir/home/tardis1/rp2040/pico-sdk/lib/tinyusb/src/class/cdc/cdc_device.c.obj
                0x0000000010006678                cdcd_control_xfer_cb
 .text.cdcd_xfer_cb
                0x000000001000675c      0x148 CMakeFiles/messages.dir/home/tardis1/rp2040/pico-sdk/lib/tinyusb/src/class/cdc/cdc_device.c.obj
                0x000000001000675c                cdcd_xfer_cb
 .text.tusb_init
                0x00000000100068a4        0xc CMakeFiles/messages.dir/home/tardis1/rp2040/pico-sdk/lib/tinyusb/src/tusb.c.obj
                0x00000000100068a4                tusb_init
 .text.tusb_inited
                0x00000000100068b0        0x8 CMakeFiles/messages.dir/home/tardis1/rp2040/pico-sdk/lib/tinyusb/src/tusb.c.obj
                0x00000000100068b0                tusb_inited
 .text.tu_edpt_validate
                0x00000000100068b8       0x78 CMakeFiles/messages.dir/home/tardis1/rp2040/pico-sdk/lib/tinyusb/src/tusb.c.obj
                0x00000000100068b8                tu_edpt_validate
 .text.tu_edpt_bind_driver
                0x0000000010006930       0x2c CMakeFiles/messages.dir/home/tardis1/rp2040/pico-sdk/lib/tinyusb/src/tusb.c.obj
                0x0000000010006930                tu_edpt_bind_driver
 .text.tu_fifo_config
                0x000000001000695c       0x78 CMakeFiles/messages.dir/home/tardis1/rp2040/pico-sdk/lib/tinyusb/src/common/tusb_fifo.c.obj
                0x000000001000695c                tu_fifo_config
 .text.tu_fifo_count
                0x00000000100069d4       0x20 CMakeFiles/messages.dir/home/tardis1/rp2040/pico-sdk/lib/tinyusb/src/common/tusb_fifo.c.obj
                0x00000000100069d4                tu_fifo_count
 .text.tu_fifo_empty
                0x00000000100069f4       0x10 CMakeFiles/messages.dir/home/tardis1/rp2040/pico-sdk/lib/tinyusb/src/common/tusb_fifo.c.obj
                0x00000000100069f4                tu_fifo_empty
 .text.tu_fifo_remaining
                0x0000000010006a04       0x1c CMakeFiles/messages.dir/home/tardis1/rp2040/pico-sdk/lib/tinyusb/src/common/tusb_fifo.c.obj
                0x0000000010006a04                tu_fifo_remaining
 .text.tu_fifo_read
                0x0000000010006a20       0x9c CMakeFiles/messages.dir/home/tardis1/rp2040/pico-sdk/lib/tinyusb/src/common/tusb_fifo.c.obj
                0x0000000010006a20                tu_fifo_read
 .text.tu_fifo_read_n
                0x0000000010006abc      0x100 CMakeFiles/messages.dir/home/tardis1/rp2040/pico-sdk/lib/tinyusb/src/common/tusb_fifo.c.obj
                0x0000000010006abc                tu_fifo_read_n
 .text.tu_fifo_write
                0x0000000010006bbc       0x7c CMakeFiles/messages.dir/home/tardis1/rp2040/pico-sdk/lib/tinyusb/src/common/tusb_fifo.c.obj
                0x0000000010006bbc                tu_fifo_write
 .text.tu_fifo_write_n
                0x0000000010006c38      0x100 CMakeFiles/messages.dir/home/tardis1/rp2040/pico-sdk/lib/tinyusb/src/common/tusb_fifo.c.obj
                0x0000000010006c38                tu_fifo_write_n
 .text.tu_fifo_clear
                0x0000000010006d38       0x4c CMakeFiles/messages.dir/home/tardis1/rp2040/pico-sdk/lib/tinyusb/src/common/tusb_fifo.c.obj
                0x0000000010006d38                tu_fifo_clear
 .text.tu_fifo_set_overwritable
                0x0000000010006d84       0x3c CMakeFiles/messages.dir/home/tardis1/rp2040/pico-sdk/lib/tinyusb/src/common/tusb_fifo.c.obj
                0x0000000010006d84                tu_fifo_set_overwritable
 .text.startup._retrieve_unique_id_on_boot
                0x0000000010006dc0       0x10 CMakeFiles/messages.dir/home/tardis1/rp2040/pico-sdk/src/rp2_common/pico_unique_id/unique_id.c.obj
 .text.pico_get_unique_board_id_string
                0x0000000010006dd0      0x1a8 CMakeFiles/messages.dir/home/tardis1/rp2040/pico-sdk/src/rp2_common/pico_unique_id/unique_id.c.obj
                0x0000000010006dd0                pico_get_unique_board_id_string
 .text.flash_get_unique_id
                0x0000000010006f78       0x40 CMakeFiles/messages.dir/home/tardis1/rp2040/pico-sdk/src/rp2_common/hardware_flash/flash.c.obj
                0x0000000010006f78                flash_get_unique_id
 .text.strcpy   0x0000000010006fb8       0x10 /home/tardis1/toolchain/gcc-arm-none-eabi-10.3-2021.10/bin/../lib/gcc/arm-none-eabi/10.3.1/../../../../arm-none-eabi/lib/thumb/v6-m/nofp/libc.a(lib_a-strcpy.o)
                0x0000000010006fb8                strcpy
 .text.strlen   0x0000000010006fc8       0x5c /home/tardis1/toolchain/gcc-arm-none-eabi-10.3-2021.10/bin/../lib/gcc/arm-none-eabi/10.3.1/../../../../arm-none-eabi/lib/thumb/v6-m/nofp/libc.a(lib_a-strlen-stub.o)
                0x0000000010006fc8                strlen
 *(.fini)
 .fini          0x0000000010007024        0x4 /home/tardis1/toolchain/gcc-arm-none-eabi-10.3-2021.10/bin/../lib/gcc/arm-none-eabi/10.3.1/thumb/v6-m/nofp/crti.o
                0x0000000010007024                _fini
 .fini.__stub   0x0000000010007028       0x70 linker stubs
 *crtbegin.o(.ctors)
 *crtbegin?.o(.ctors)
 *(EXCLUDE_FILE(*crtend.o *crtend?.o) .ctors)
 *(SORT_BY_NAME(.ctors.*))
 *(.ctors)
 *crtbegin.o(.dtors)
 *crtbegin?.o(.dtors)
 *(EXCLUDE_FILE(*crtend.o *crtend?.o) .dtors)
 *(SORT_BY_NAME(.dtors.*))
 *(.dtors)
 *(.eh_frame*)
 .eh_frame      0x0000000010007098        0x0 /home/tardis1/toolchain/gcc-arm-none-eabi-10.3-2021.10/bin/../lib/gcc/arm-none-eabi/10.3.1/thumb/v6-m/nofp/crtbegin.o
                0x0000000010007098                . = ALIGN (0x4)

.glue_7         0x0000000010007098        0x0
 .glue_7        0x0000000010007098        0x0 linker stubs

.glue_7t        0x0000000010007098        0x0
 .glue_7t       0x0000000010007098        0x0 linker stubs

.vfp11_veneer   0x0000000010007098        0x0
 .vfp11_veneer  0x0000000010007098        0x0 linker stubs

.v4_bx          0x0000000010007098        0x0
 .v4_bx         0x0000000010007098        0x0 linker stubs

.iplt           0x0000000010007098        0x0
 .iplt          0x0000000010007098        0x0 /home/tardis1/toolchain/gcc-arm-none-eabi-10.3-2021.10/bin/../lib/gcc/arm-none-eabi/10.3.1/thumb/v6-m/nofp/crtbegin.o

.rodata         0x0000000010007098      0x560
 *(EXCLUDE_FILE(*libm.a: *libc.a:*lib_a-mem*.o *libgcc.a:) .rodata*)
 .rodata.messages_init.str1.4
                0x0000000010007098        0x3 CMakeFiles/messages.dir/main.c.obj
 *fill*         0x000000001000709b        0x1 
 .rodata.main.str1.4
                0x000000001000709c       0x1d CMakeFiles/messages.dir/main.c.obj
 *fill*         0x00000000100070b9        0x3 
 .rodata.spin_lock_claim_unused.str1.4
                0x00000000100070bc       0x1b CMakeFiles/messages.dir/home/tardis1/rp2040/pico-sdk/src/rp2_common/hardware_sync/sync.c.obj
 *fill*         0x00000000100070d7        0x1 
 .rodata.hardware_alarm_claim.str1.4
                0x00000000100070d8       0x22 CMakeFiles/messages.dir/home/tardis1/rp2040/pico-sdk/src/rp2_common/hardware_timer/timer.c.obj
 *fill*         0x00000000100070fa        0x2 
 .rodata.panic.str1.4
                0x00000000100070fc       0x12 CMakeFiles/messages.dir/home/tardis1/rp2040/pico-sdk/src/rp2_common/pico_runtime/runtime.c.obj
 *fill*         0x000000001000710e        0x2 
 .rodata.hard_assertion_failure.str1.4
                0x0000000010007110        0xc CMakeFiles/messages.dir/home/tardis1/rp2040/pico-sdk/src/rp2_common/pico_runtime/runtime.c.obj
 .rodata._ftoa.str1.4
                0x000000001000711c       0x15 CMakeFiles/messages.dir/home/tardis1/rp2040/pico-sdk/src/rp2_common/pico_printf/printf.c.obj
 *fill*         0x0000000010007131        0x3 
 .rodata._vsnprintf
                0x0000000010007134      0x1e0 CMakeFiles/messages.dir/home/tardis1/rp2040/pico-sdk/src/rp2_common/pico_printf/printf.c.obj
 *fill*         0x0000000010007314        0x4 
 .rodata.pow10.0
                0x0000000010007318       0x50 CMakeFiles/messages.dir/home/tardis1/rp2040/pico-sdk/src/rp2_common/pico_printf/printf.c.obj
 .rodata.str1.4
                0x0000000010007368       0x40 CMakeFiles/messages.dir/home/tardis1/rp2040/pico-sdk/src/rp2_common/pico_standard_link/binary_info.c.obj
 .rodata.__bi_44
                0x00000000100073a8        0xc CMakeFiles/messages.dir/home/tardis1/rp2040/pico-sdk/src/rp2_common/pico_standard_link/binary_info.c.obj
 .rodata.__bi_75
                0x00000000100073b4        0xc CMakeFiles/messages.dir/home/tardis1/rp2040/pico-sdk/src/rp2_common/pico_standard_link/binary_info.c.obj
 .rodata.__bi_81
                0x00000000100073c0        0xc CMakeFiles/messages.dir/home/tardis1/rp2040/pico-sdk/src/rp2_common/pico_standard_link/binary_info.c.obj
 .rodata.crlf_str.0
                0x00000000100073cc        0x2 CMakeFiles/messages.dir/home/tardis1/rp2040/pico-sdk/src/rp2_common/pico_stdio/stdio.c.obj
 *fill*         0x00000000100073ce        0x2 
 .rodata.str1.4
                0x00000000100073d0       0x2c CMakeFiles/messages.dir/home/tardis1/rp2040/pico-sdk/src/rp2_common/pico_stdio_uart/stdio_uart.c.obj
 .rodata.__bi_28.4
                0x00000000100073fc        0xc CMakeFiles/messages.dir/home/tardis1/rp2040/pico-sdk/src/rp2_common/pico_stdio_uart/stdio_uart.c.obj
 .rodata.__bi_29.5
                0x0000000010007408        0x8 CMakeFiles/messages.dir/home/tardis1/rp2040/pico-sdk/src/rp2_common/pico_stdio_uart/stdio_uart.c.obj
 .rodata._resetd_driver
                0x0000000010007410       0x18 CMakeFiles/messages.dir/home/tardis1/rp2040/pico-sdk/src/rp2_common/pico_stdio_usb/reset_interface.c.obj
 .rodata.str1.4
                0x0000000010007428       0x13 CMakeFiles/messages.dir/home/tardis1/rp2040/pico-sdk/src/rp2_common/pico_stdio_usb/stdio_usb.c.obj
 *fill*         0x000000001000743b        0x1 
 .rodata.__bi_93.0
                0x000000001000743c        0xc CMakeFiles/messages.dir/home/tardis1/rp2040/pico-sdk/src/rp2_common/pico_stdio_usb/stdio_usb.c.obj
 .rodata.str1.4
                0x0000000010007448       0x2a CMakeFiles/messages.dir/home/tardis1/rp2040/pico-sdk/src/rp2_common/pico_stdio_usb/stdio_usb_descriptors.c.obj
 *fill*         0x0000000010007472        0x2 
 .rodata.usbd_desc_cfg
                0x0000000010007474       0x54 CMakeFiles/messages.dir/home/tardis1/rp2040/pico-sdk/src/rp2_common/pico_stdio_usb/stdio_usb_descriptors.c.obj
 .rodata.usbd_desc_device
                0x00000000100074c8       0x12 CMakeFiles/messages.dir/home/tardis1/rp2040/pico-sdk/src/rp2_common/pico_stdio_usb/stdio_usb_descriptors.c.obj
 *fill*         0x00000000100074da        0x2 
 .rodata.usbd_desc_str
                0x00000000100074dc       0x18 CMakeFiles/messages.dir/home/tardis1/rp2040/pico-sdk/src/rp2_common/pico_stdio_usb/stdio_usb_descriptors.c.obj
 .rodata.dcd_rp2040_irq.str1.4
                0x00000000100074f4       0x14 CMakeFiles/messages.dir/home/tardis1/rp2040/pico-sdk/lib/tinyusb/src/portable/raspberrypi/rp2040/dcd_rp2040.c.obj
 .rodata._hw_endpoint_buffer_control_update32.part.0.isra.0.str1.4
                0x0000000010007508       0x1f CMakeFiles/messages.dir/home/tardis1/rp2040/pico-sdk/lib/tinyusb/src/portable/raspberrypi/rp2040/rp2040_usb.c.obj
 *fill*         0x0000000010007527        0x1 
 .rodata.hw_endpoint_xfer_continue.str1.4
                0x0000000010007528       0x29 CMakeFiles/messages.dir/home/tardis1/rp2040/pico-sdk/lib/tinyusb/src/portable/raspberrypi/rp2040/rp2040_usb.c.obj
 .rodata.str1.4
                0x0000000010007551       0x29 CMakeFiles/messages.dir/home/tardis1/rp2040/pico-sdk/lib/tinyusb/src/portable/raspberrypi/rp2040/rp2040_usb.c.obj
                                          0x7 (size before relaxing)
 *fill*         0x0000000010007551        0x3 
 .rodata.tud_task
                0x0000000010007554       0x8c CMakeFiles/messages.dir/home/tardis1/rp2040/pico-sdk/lib/tinyusb/src/device/usbd.c.obj
 .rodata._usbd_driver
                0x00000000100075e0       0x18 CMakeFiles/messages.dir/home/tardis1/rp2040/pico-sdk/lib/tinyusb/src/device/usbd.c.obj
                0x00000000100075f8                . = ALIGN (0x4)
 *(SORT_BY_ALIGNMENT(SORT_BY_NAME(.flashdata*)))
                0x00000000100075f8                . = ALIGN (0x4)

.rel.dyn        0x00000000100075f8        0x0
 .rel.iplt      0x00000000100075f8        0x0 /home/tardis1/toolchain/gcc-arm-none-eabi-10.3-2021.10/bin/../lib/gcc/arm-none-eabi/10.3.1/thumb/v6-m/nofp/crtbegin.o

.ARM.extab
 *(.ARM.extab* .gnu.linkonce.armextab.*)
                0x00000000100075f8                __exidx_start = .

.ARM.exidx
 *(.ARM.exidx* .gnu.linkonce.armexidx.*)
                0x00000000100075f8                __exidx_end = .
                0x00000000100075f8                . = ALIGN (0x4)
                0x00000000100075f8                __binary_info_start = .

.binary_info    0x00000000100075f8       0x28
 *(.binary_info.keep.*)
 .binary_info.keep.__bi_ptr22
                0x00000000100075f8        0x4 CMakeFiles/messages.dir/home/tardis1/rp2040/pico-sdk/src/rp2_common/pico_standard_link/binary_info.c.obj
 .binary_info.keep.__bi_ptr30
                0x00000000100075fc        0x4 CMakeFiles/messages.dir/home/tardis1/rp2040/pico-sdk/src/rp2_common/pico_standard_link/binary_info.c.obj
 .binary_info.keep.__bi_ptr38
                0x0000000010007600        0x4 CMakeFiles/messages.dir/home/tardis1/rp2040/pico-sdk/src/rp2_common/pico_standard_link/binary_info.c.obj
 .binary_info.keep.__bi_ptr44
                0x0000000010007604        0x4 CMakeFiles/messages.dir/home/tardis1/rp2040/pico-sdk/src/rp2_common/pico_standard_link/binary_info.c.obj
 .binary_info.keep.__bi_ptr50
                0x0000000010007608        0x4 CMakeFiles/messages.dir/home/tardis1/rp2040/pico-sdk/src/rp2_common/pico_standard_link/binary_info.c.obj
 .binary_info.keep.__bi_ptr75
                0x000000001000760c        0x4 CMakeFiles/messages.dir/home/tardis1/rp2040/pico-sdk/src/rp2_common/pico_standard_link/binary_info.c.obj
 .binary_info.keep.__bi_ptr81
                0x0000000010007610        0x4 CMakeFiles/messages.dir/home/tardis1/rp2040/pico-sdk/src/rp2_common/pico_standard_link/binary_info.c.obj
 *(.binary_info.*)
 .binary_info.__bi_ptr28
                0x0000000010007614        0x4 CMakeFiles/messages.dir/home/tardis1/rp2040/pico-sdk/src/rp2_common/pico_stdio_uart/stdio_uart.c.obj
 .binary_info.__bi_ptr29
                0x0000000010007618        0x4 CMakeFiles/messages.dir/home/tardis1/rp2040/pico-sdk/src/rp2_common/pico_stdio_uart/stdio_uart.c.obj
 .binary_info.__bi_ptr93
                0x000000001000761c        0x4 CMakeFiles/messages.dir/home/tardis1/rp2040/pico-sdk/src/rp2_common/pico_stdio_usb/stdio_usb.c.obj
                0x0000000010007620                __binary_info_end = .
                0x0000000010007620                . = ALIGN (0x4)
                0x0000000010007620                __etext = .

.ram_vector_table
                0x0000000020000000       0xc0
 *(.ram_vector_table)
 .ram_vector_table
                0x0000000020000000       0xc0 CMakeFiles/messages.dir/home/tardis1/rp2040/pico-sdk/src/rp2_common/pico_runtime/runtime.c.obj
                0x0000000020000000                ram_vector_table

.data           0x00000000200000c0      0x3d4 load address 0x0000000010007620
                0x00000000200000c0                __data_start__ = .
 *(vtable)
 *(.time_critical*)
 .time_critical.mutex_enter_blocking
                0x00000000200000c0       0x48 CMakeFiles/messages.dir/home/tardis1/rp2040/pico-sdk/src/common/pico_sync/mutex.c.obj
                0x00000000200000c0                mutex_enter_blocking
 .time_critical.mutex_try_enter
                0x0000000020000108       0x44 CMakeFiles/messages.dir/home/tardis1/rp2040/pico-sdk/src/common/pico_sync/mutex.c.obj
                0x0000000020000108                mutex_try_enter
 .time_critical.mutex_enter_timeout_ms
                0x000000002000014c       0xa0 CMakeFiles/messages.dir/home/tardis1/rp2040/pico-sdk/src/common/pico_sync/mutex.c.obj
                0x000000002000014c                mutex_enter_timeout_ms
 .time_critical.mutex_exit
                0x00000000200001ec       0x28 CMakeFiles/messages.dir/home/tardis1/rp2040/pico-sdk/src/common/pico_sync/mutex.c.obj
                0x00000000200001ec                mutex_exit
 .time_critical.flash_init_boot2_copyout
                0x0000000020000214       0x30 CMakeFiles/messages.dir/home/tardis1/rp2040/pico-sdk/src/rp2_common/hardware_flash/flash.c.obj
 .time_critical.flash_enable_xip_via_boot2
                0x0000000020000244       0x10 CMakeFiles/messages.dir/home/tardis1/rp2040/pico-sdk/src/rp2_common/hardware_flash/flash.c.obj
 .time_critical.flash_cs_force
                0x0000000020000254       0x38 CMakeFiles/messages.dir/home/tardis1/rp2040/pico-sdk/src/rp2_common/hardware_flash/flash.c.obj
 .time_critical.flash_do_cmd
                0x000000002000028c       0xc4 CMakeFiles/messages.dir/home/tardis1/rp2040/pico-sdk/src/rp2_common/hardware_flash/flash.c.obj
                0x000000002000028c                flash_do_cmd
 *(.text*)
 .text          0x0000000020000350        0x4 /home/tardis1/toolchain/gcc-arm-none-eabi-10.3-2021.10/bin/../lib/gcc/arm-none-eabi/10.3.1/thumb/v6-m/nofp/libgcc.a(_dvmd_tls.o)
                0x0000000020000350                __aeabi_ldiv0
                0x0000000020000350                __aeabi_idiv0
 *fill*         0x0000000020000354        0x4 
 .text.__stub   0x0000000020000358       0x30 linker stubs
                0x0000000020000388                . = ALIGN (0x4)
 *(.rodata*)
                0x0000000020000388                . = ALIGN (0x4)
 *(.data*)
 .data.striped_spin_lock_num
                0x0000000020000388        0x1 CMakeFiles/messages.dir/home/tardis1/rp2040/pico-sdk/src/rp2_common/hardware_sync/sync.c.obj
 *fill*         0x0000000020000389        0x3 
 .data.default_alarm_pool
                0x000000002000038c       0x18 CMakeFiles/messages.dir/home/tardis1/rp2040/pico-sdk/src/common/pico_time/time.c.obj
 .data.default_alarm_pool_heap
                0x00000000200003a4       0x10 CMakeFiles/messages.dir/home/tardis1/rp2040/pico-sdk/src/common/pico_time/time.c.obj
 .data          0x00000000200003b4       0x48 CMakeFiles/messages.dir/home/tardis1/rp2040/pico-sdk/src/rp2_common/hardware_irq/irq_handler_chain.S.obj
                0x00000000200003b4                irq_handler_chain_slots
                0x00000000200003e4                irq_handler_chain_first_slot
                0x00000000200003ee                irq_handler_chain_remove_tail
 *fill*         0x00000000200003fc        0x4 
 .data.aeabi_bits_funcs
                0x0000000020000400       0x10 CMakeFiles/messages.dir/home/tardis1/rp2040/pico-sdk/src/rp2_common/pico_bit_ops/bit_ops_aeabi.S.obj
                0x0000000020000400                aeabi_bits_funcs
                0x0000000020000410                aeabi_bits_funcs_end
 .data.aeabi_mem_funcs
                0x0000000020000410       0x10 CMakeFiles/messages.dir/home/tardis1/rp2040/pico-sdk/src/rp2_common/pico_mem_ops/mem_ops_aeabi.S.obj
                0x0000000020000410                aeabi_mem_funcs
                0x0000000020000420                aeabi_mem_funcs_end
 .data.stdio_uart
                0x0000000020000420       0x14 CMakeFiles/messages.dir/home/tardis1/rp2040/pico-sdk/src/rp2_common/pico_stdio_uart/stdio_uart.c.obj
                0x0000000020000420                stdio_uart
 .data.stdio_usb
                0x0000000020000434       0x14 CMakeFiles/messages.dir/home/tardis1/rp2040/pico-sdk/src/rp2_common/pico_stdio_usb/stdio_usb.c.obj
                0x0000000020000434                stdio_usb
 .data.ep_dir_string
                0x0000000020000448        0x8 CMakeFiles/messages.dir/home/tardis1/rp2040/pico-sdk/lib/tinyusb/src/portable/raspberrypi/rp2040/rp2040_usb.c.obj
                0x0000000020000448                ep_dir_string
 .data._usbd_qdef
                0x0000000020000450       0x24 CMakeFiles/messages.dir/home/tardis1/rp2040/pico-sdk/lib/tinyusb/src/device/usbd.c.obj
                0x0000000020000450                _usbd_qdef
                0x0000000020000474                . = ALIGN (0x4)
 *(.after_data.*)
                0x0000000020000474                . = ALIGN (0x4)
                0x0000000020000474                PROVIDE (__mutex_array_start = .)
 *(SORT_BY_NAME(.mutex_array.*))
 *(.mutex_array)
 .mutex_array   0x0000000020000474        0x8 CMakeFiles/messages.dir/home/tardis1/rp2040/pico-sdk/src/rp2_common/pico_stdio/stdio.c.obj
                0x000000002000047c                PROVIDE (__mutex_array_end = .)
                0x000000002000047c                . = ALIGN (0x4)
                0x000000002000047c                PROVIDE (__preinit_array_start = .)
 *(SORT_BY_NAME(.preinit_array.*))
 .preinit_array.00001
                0x000000002000047c        0x4 CMakeFiles/messages.dir/home/tardis1/rp2040/pico-sdk/src/rp2_common/pico_mem_ops/mem_ops_aeabi.S.obj
 .preinit_array.00010
                0x0000000020000480        0x4 CMakeFiles/messages.dir/home/tardis1/rp2040/pico-sdk/src/rp2_common/pico_bit_ops/bit_ops_aeabi.S.obj
 .preinit_array.00020
                0x0000000020000484        0x4 CMakeFiles/messages.dir/home/tardis1/rp2040/pico-sdk/src/rp2_common/pico_double/double_aeabi.S.obj
 .preinit_array.00020
                0x0000000020000488        0x4 CMakeFiles/messages.dir/home/tardis1/rp2040/pico-sdk/src/rp2_common/pico_float/float_aeabi.S.obj
 *(.preinit_array)
                0x000000002000048c                PROVIDE (__preinit_array_end = .)
                0x000000002000048c                . = ALIGN (0x4)
                0x000000002000048c                PROVIDE (__init_array_start = .)
 *(SORT_BY_NAME(.init_array.*))
 *(.init_array)
 .init_array    0x000000002000048c        0x4 /home/tardis1/toolchain/gcc-arm-none-eabi-10.3-2021.10/bin/../lib/gcc/arm-none-eabi/10.3.1/thumb/v6-m/nofp/crtbegin.o
 .init_array    0x0000000020000490        0x4 CMakeFiles/messages.dir/home/tardis1/rp2040/pico-sdk/src/rp2_common/pico_unique_id/unique_id.c.obj
                0x0000000020000494                PROVIDE (__init_array_end = .)
                0x0000000020000494                . = ALIGN (0x4)
                [!provide]                        PROVIDE (__fini_array_start = .)
 *(SORT_BY_NAME(.fini_array.*))
 *(.fini_array)
                [!provide]                        PROVIDE (__fini_array_end = .)
 *(.jcr)
                0x0000000020000494                . = ALIGN (0x4)
                0x0000000020000494                __data_end__ = .

.igot.plt       0x0000000020000494        0x0 load address 0x00000000100079f4
 .igot.plt      0x0000000020000494        0x0 /home/tardis1/toolchain/gcc-arm-none-eabi-10.3-2021.10/bin/../lib/gcc/arm-none-eabi/10.3.1/thumb/v6-m/nofp/crtbegin.o

.uninitialized_data
                0x0000000020000494        0x0 load address 0x00000000100079f4
                0x0000000020000494                . = ALIGN (0x4)
 *(.uninitialized_data*)

.scratch_x      0x0000000020040000        0x0 load address 0x00000000100079f4
                0x0000000020040000                __scratch_x_start__ = .
 *(.scratch_x.*)
                0x0000000020040000                . = ALIGN (0x4)
                0x0000000020040000                __scratch_x_end__ = .
                0x00000000100079f4                __scratch_x_source__ = LOADADDR (.scratch_x)

.scratch_y      0x0000000020041000        0x0 load address 0x00000000100079f4
                0x0000000020041000                __scratch_y_start__ = .
 *(.scratch_y.*)
                0x0000000020041000                . = ALIGN (0x4)
                0x0000000020041000                __scratch_y_end__ = .
                0x00000000100079f4                __scratch_y_source__ = LOADADDR (.scratch_y)

.bss            0x0000000020000498      0xf18
                0x0000000020000498                . = ALIGN (0x4)
                0x0000000020000498                __bss_start__ = .
 *(SORT_BY_ALIGNMENT(SORT_BY_NAME(.bss*)))
 .bss.default_alarm_pool_entries
                0x0000000020000498      0x100 CMakeFiles/messages.dir/home/tardis1/rp2040/pico-sdk/src/common/pico_time/time.c.obj
 .bss.last_avail_time.1
                0x0000000020000598        0x8 CMakeFiles/messages.dir/home/tardis1/rp2040/pico-sdk/src/rp2_common/pico_stdio_usb/stdio_usb.c.obj
 .bss.sd_table  0x00000000200005a0      0x100 CMakeFiles/messages.dir/home/tardis1/rp2040/pico-sdk/src/rp2_common/pico_double/double_init_rom.c.obj
                0x00000000200005a0                sd_table
 .bss.sf_table  0x00000000200006a0      0x100 CMakeFiles/messages.dir/home/tardis1/rp2040/pico-sdk/src/rp2_common/pico_float/float_init_rom.c.obj
                0x00000000200006a0                sf_table
 .bss           0x00000000200007a0       0x1c /home/tardis1/toolchain/gcc-arm-none-eabi-10.3-2021.10/bin/../lib/gcc/arm-none-eabi/10.3.1/thumb/v6-m/nofp/crtbegin.o
 .bss._app_driver
                0x00000000200007bc        0x4 CMakeFiles/messages.dir/home/tardis1/rp2040/pico-sdk/lib/tinyusb/src/device/usbd.c.obj
 .bss._cdcd_itf
                0x00000000200007c0      0x2d8 CMakeFiles/messages.dir/home/tardis1/rp2040/pico-sdk/lib/tinyusb/src/class/cdc/cdc_device.c.obj
 .bss._ctrl_xfer
                0x0000000020000a98       0x14 CMakeFiles/messages.dir/home/tardis1/rp2040/pico-sdk/lib/tinyusb/src/device/usbd_control.c.obj
 .bss._ubsd_mutexdef
                0x0000000020000aac        0x8 CMakeFiles/messages.dir/home/tardis1/rp2040/pico-sdk/lib/tinyusb/src/device/usbd.c.obj
 .bss._usbd_ctrl_buf
                0x0000000020000ab4       0x40 CMakeFiles/messages.dir/home/tardis1/rp2040/pico-sdk/lib/tinyusb/src/device/usbd_control.c.obj
 .bss._usbd_dev
                0x0000000020000af4       0x53 CMakeFiles/messages.dir/home/tardis1/rp2040/pico-sdk/lib/tinyusb/src/device/usbd.c.obj
 *fill*         0x0000000020000b47        0x1 
 .bss._usbd_mutex
                0x0000000020000b48        0x4 CMakeFiles/messages.dir/home/tardis1/rp2040/pico-sdk/lib/tinyusb/src/device/usbd.c.obj
 .bss._usbd_q   0x0000000020000b4c        0x4 CMakeFiles/messages.dir/home/tardis1/rp2040/pico-sdk/lib/tinyusb/src/device/usbd.c.obj
 .bss._usbd_qdef_buf
                0x0000000020000b50       0xc0 CMakeFiles/messages.dir/home/tardis1/rp2040/pico-sdk/lib/tinyusb/src/device/usbd.c.obj
                0x0000000020000b50                _usbd_qdef_buf
 .bss.alarm_callbacks
                0x0000000020000c10       0x10 CMakeFiles/messages.dir/home/tardis1/rp2040/pico-sdk/src/rp2_common/hardware_timer/timer.c.obj
 .bss.boot2_copyout
                0x0000000020000c20      0x100 CMakeFiles/messages.dir/home/tardis1/rp2040/pico-sdk/src/rp2_common/hardware_flash/flash.c.obj
 .bss.claimed   0x0000000020000d20        0x4 CMakeFiles/messages.dir/home/tardis1/rp2040/pico-sdk/src/rp2_common/hardware_sync/sync.c.obj
 .bss.configured_freq
                0x0000000020000d24       0x28 CMakeFiles/messages.dir/home/tardis1/rp2040/pico-sdk/src/rp2_common/hardware_clocks/clocks.c.obj
 .bss.default_alarm_pool_entry_ids_high
                0x0000000020000d4c       0x10 CMakeFiles/messages.dir/home/tardis1/rp2040/pico-sdk/src/common/pico_time/time.c.obj
 .bss.default_alarm_pool_heap_nodes
                0x0000000020000d5c       0x30 CMakeFiles/messages.dir/home/tardis1/rp2040/pico-sdk/src/common/pico_time/time.c.obj
 .bss.desc_str.0
                0x0000000020000d8c       0x28 CMakeFiles/messages.dir/home/tardis1/rp2040/pico-sdk/src/rp2_common/pico_stdio_usb/stdio_usb_descriptors.c.obj
 .bss.drivers   0x0000000020000db4        0x4 CMakeFiles/messages.dir/home/tardis1/rp2040/pico-sdk/src/rp2_common/pico_stdio/stdio.c.obj
 .bss.filter    0x0000000020000db8        0x4 CMakeFiles/messages.dir/home/tardis1/rp2040/pico-sdk/src/rp2_common/pico_stdio/stdio.c.obj
 .bss.hw_endpoints
                0x0000000020000dbc      0x400 CMakeFiles/messages.dir/home/tardis1/rp2040/pico-sdk/lib/tinyusb/src/portable/raspberrypi/rp2040/dcd_rp2040.c.obj
 .bss.lazy_vsnprintf
                0x00000000200011bc        0x4 CMakeFiles/messages.dir/home/tardis1/rp2040/pico-sdk/src/rp2_common/pico_printf/printf.c.obj
 .bss.load_value
                0x00000000200011c0        0x4 CMakeFiles/messages.dir/home/tardis1/rp2040/pico-sdk/src/rp2_common/hardware_watchdog/watchdog.c.obj
 .bss.messages  0x00000000200011c4      0x190 CMakeFiles/messages.dir/main.c.obj
                0x00000000200011c4                messages
 .bss.next_buffer_ptr
                0x0000000020001354        0x4 CMakeFiles/messages.dir/home/tardis1/rp2040/pico-sdk/lib/tinyusb/src/portable/raspberrypi/rp2040/dcd_rp2040.c.obj
 .bss.pools     0x0000000020001358       0x10 CMakeFiles/messages.dir/home/tardis1/rp2040/pico-sdk/src/common/pico_time/time.c.obj
 .bss.retrieved_id
                0x0000000020001368        0x8 CMakeFiles/messages.dir/home/tardis1/rp2040/pico-sdk/src/rp2_common/pico_unique_id/unique_id.c.obj
 .bss.sf_clz_func
                0x0000000020001370        0x4 CMakeFiles/messages.dir/home/tardis1/rp2040/pico-sdk/src/rp2_common/pico_double/double_init_rom.c.obj
                0x0000000020001370                sf_clz_func
 .bss.sleep_notifier
                0x0000000020001374        0x4 CMakeFiles/messages.dir/home/tardis1/rp2040/pico-sdk/src/common/pico_time/time.c.obj
 .bss.stdio_usb_mutex
                0x0000000020001378        0x8 CMakeFiles/messages.dir/home/tardis1/rp2040/pico-sdk/src/rp2_common/pico_stdio_usb/stdio_usb.c.obj
 .bss.target_hi
                0x0000000020001380       0x10 CMakeFiles/messages.dir/home/tardis1/rp2040/pico-sdk/src/rp2_common/hardware_timer/timer.c.obj
 .bss.uart_char_to_line_feed
                0x0000000020001390        0x4 CMakeFiles/messages.dir/home/tardis1/rp2040/pico-sdk/src/rp2_common/hardware_uart/uart.c.obj
                0x0000000020001390                uart_char_to_line_feed
 .bss.uart_instance
                0x0000000020001394        0x4 CMakeFiles/messages.dir/home/tardis1/rp2040/pico-sdk/src/rp2_common/pico_stdio_uart/stdio_uart.c.obj
 .bss.usbd_serial_str
                0x0000000020001398       0x11 CMakeFiles/messages.dir/home/tardis1/rp2040/pico-sdk/src/rp2_common/pico_stdio_usb/stdio_usb_descriptors.c.obj
 .bss._app_driver_count
                0x00000000200013a9        0x1 CMakeFiles/messages.dir/home/tardis1/rp2040/pico-sdk/lib/tinyusb/src/device/usbd.c.obj
 .bss._usbd_initialized
                0x00000000200013aa        0x1 CMakeFiles/messages.dir/home/tardis1/rp2040/pico-sdk/lib/tinyusb/src/device/usbd.c.obj
 .bss.boot2_copyout_valid
                0x00000000200013ab        0x1 CMakeFiles/messages.dir/home/tardis1/rp2040/pico-sdk/src/rp2_common/hardware_flash/flash.c.obj
 .bss.claimed   0x00000000200013ac        0x1 CMakeFiles/messages.dir/home/tardis1/rp2040/pico-sdk/src/rp2_common/hardware_timer/timer.c.obj
 .bss.irq_hander_chain_free_slot_head
                0x00000000200013ad        0x1 CMakeFiles/messages.dir/home/tardis1/rp2040/pico-sdk/src/rp2_common/hardware_irq/irq.c.obj
 .bss.itf_num   0x00000000200013ae        0x1 CMakeFiles/messages.dir/home/tardis1/rp2040/pico-sdk/src/rp2_common/pico_stdio_usb/reset_interface.c.obj
 .bss.timer_callbacks_pending
                0x00000000200013af        0x1 CMakeFiles/messages.dir/home/tardis1/rp2040/pico-sdk/src/rp2_common/hardware_timer/timer.c.obj
 *(COMMON)
                0x00000000200013b0                . = ALIGN (0x4)
                0x00000000200013b0                __bss_end__ = .

.heap           0x00000000200013b0      0x800
                0x00000000200013b0                __end__ = .
                0x00000000200013b0                end = __end__
 *(.heap*)
 .heap          0x00000000200013b0      0x800 CMakeFiles/messages.dir/home/tardis1/rp2040/pico-sdk/src/rp2_common/pico_standard_link/crt0.S.obj
                0x0000000020001bb0                __HeapLimit = .

.stack1_dummy   0x0000000020040000        0x0
 *(.stack1*)

.stack_dummy    0x0000000020041000      0x800
 *(.stack*)
 .stack         0x0000000020041000      0x800 CMakeFiles/messages.dir/home/tardis1/rp2040/pico-sdk/src/rp2_common/pico_standard_link/crt0.S.obj

.flash_end      0x00000000100079f4        0x0
                0x00000000100079f4                __flash_binary_end = .
                0x0000000020040000                __StackLimit = (ORIGIN (RAM) + LENGTH (RAM))
                0x0000000020041000                __StackOneTop = (ORIGIN (SCRATCH_X) + LENGTH (SCRATCH_X))
                0x0000000020042000                __StackTop = (ORIGIN (SCRATCH_Y) + LENGTH (SCRATCH_Y))
                0x0000000020041000                __StackOneBottom = (__StackOneTop - SIZEOF (.stack1_dummy))
                0x0000000020041800                __StackBottom = (__StackTop - SIZEOF (.stack_dummy))
                0x0000000020042000                PROVIDE (__stack = __StackTop)
                0x0000000000000001                ASSERT ((__StackLimit >= __HeapLimit), region RAM overflowed)
                0x0000000000000001                ASSERT (((__binary_info_header_end - __logical_binary_start) <= 0x100), Binary info must be in first 256 bytes of the binary)
LOAD CMakeFiles/messages.dir/main.c.obj
LOAD CMakeFiles/messages.dir/home/tardis1/rp2040/pico-sdk/src/rp2_common/pico_stdlib/stdlib.c.obj
LOAD CMakeFiles/messages.dir/home/tardis1/rp2040/pico-sdk/src/rp2_common/hardware_gpio/gpio.c.obj
LOAD CMakeFiles/messages.dir/home/tardis1/rp2040/pico-sdk/src/rp2_common/hardware_claim/claim.c.obj
LOAD CMakeFiles/messages.dir/home/tardis1/rp2040/pico-sdk/src/rp2_common/pico_platform/platform.c.obj
LOAD CMakeFiles/messages.dir/home/tardis1/rp2040/pico-sdk/src/rp2_common/hardware_sync/sync.c.obj
LOAD CMakeFiles/messages.dir/home/tardis1/rp2040/pico-sdk/src/rp2_common/hardware_uart/uart.c.obj
LOAD CMakeFiles/messages.dir/home/tardis1/rp2040/pico-sdk/src/rp2_common/hardware_divider/divider.S.obj
LOAD CMakeFiles/messages.dir/home/tardis1/rp2040/pico-sdk/src/common/pico_time/time.c.obj
LOAD CMakeFiles/messages.dir/home/tardis1/rp2040/pico-sdk/src/common/pico_time/timeout_helper.c.obj
LOAD CMakeFiles/messages.dir/home/tardis1/rp2040/pico-sdk/src/rp2_common/hardware_timer/timer.c.obj
LOAD CMakeFiles/messages.dir/home/tardis1/rp2040/pico-sdk/src/common/pico_sync/sem.c.obj
LOAD CMakeFiles/messages.dir/home/tardis1/rp2040/pico-sdk/src/common/pico_sync/lock_core.c.obj
LOAD CMakeFiles/messages.dir/home/tardis1/rp2040/pico-sdk/src/common/pico_sync/mutex.c.obj
LOAD CMakeFiles/messages.dir/home/tardis1/rp2040/pico-sdk/src/common/pico_sync/critical_section.c.obj
LOAD CMakeFiles/messages.dir/home/tardis1/rp2040/pico-sdk/src/common/pico_util/datetime.c.obj
LOAD CMakeFiles/messages.dir/home/tardis1/rp2040/pico-sdk/src/common/pico_util/pheap.c.obj
LOAD CMakeFiles/messages.dir/home/tardis1/rp2040/pico-sdk/src/common/pico_util/queue.c.obj
LOAD CMakeFiles/messages.dir/home/tardis1/rp2040/pico-sdk/src/rp2_common/pico_runtime/runtime.c.obj
LOAD CMakeFiles/messages.dir/home/tardis1/rp2040/pico-sdk/src/rp2_common/hardware_clocks/clocks.c.obj
LOAD CMakeFiles/messages.dir/home/tardis1/rp2040/pico-sdk/src/rp2_common/hardware_irq/irq.c.obj
LOAD CMakeFiles/messages.dir/home/tardis1/rp2040/pico-sdk/src/rp2_common/hardware_irq/irq_handler_chain.S.obj
LOAD CMakeFiles/messages.dir/home/tardis1/rp2040/pico-sdk/src/rp2_common/hardware_pll/pll.c.obj
LOAD CMakeFiles/messages.dir/home/tardis1/rp2040/pico-sdk/src/rp2_common/hardware_vreg/vreg.c.obj
LOAD CMakeFiles/messages.dir/home/tardis1/rp2040/pico-sdk/src/rp2_common/hardware_watchdog/watchdog.c.obj
LOAD CMakeFiles/messages.dir/home/tardis1/rp2040/pico-sdk/src/rp2_common/hardware_xosc/xosc.c.obj
LOAD CMakeFiles/messages.dir/home/tardis1/rp2040/pico-sdk/src/rp2_common/pico_printf/printf.c.obj
LOAD CMakeFiles/messages.dir/home/tardis1/rp2040/pico-sdk/src/rp2_common/pico_bit_ops/bit_ops_aeabi.S.obj
LOAD CMakeFiles/messages.dir/home/tardis1/rp2040/pico-sdk/src/rp2_common/pico_bootrom/bootrom.c.obj
LOAD CMakeFiles/messages.dir/home/tardis1/rp2040/pico-sdk/src/rp2_common/pico_divider/divider.S.obj
LOAD CMakeFiles/messages.dir/home/tardis1/rp2040/pico-sdk/src/rp2_common/pico_double/double_aeabi.S.obj
LOAD CMakeFiles/messages.dir/home/tardis1/rp2040/pico-sdk/src/rp2_common/pico_double/double_init_rom.c.obj
LOAD CMakeFiles/messages.dir/home/tardis1/rp2040/pico-sdk/src/rp2_common/pico_double/double_math.c.obj
LOAD CMakeFiles/messages.dir/home/tardis1/rp2040/pico-sdk/src/rp2_common/pico_double/double_v1_rom_shim.S.obj
LOAD CMakeFiles/messages.dir/home/tardis1/rp2040/pico-sdk/src/rp2_common/pico_int64_ops/pico_int64_ops_aeabi.S.obj
LOAD CMakeFiles/messages.dir/home/tardis1/rp2040/pico-sdk/src/rp2_common/pico_float/float_aeabi.S.obj
LOAD CMakeFiles/messages.dir/home/tardis1/rp2040/pico-sdk/src/rp2_common/pico_float/float_init_rom.c.obj
LOAD CMakeFiles/messages.dir/home/tardis1/rp2040/pico-sdk/src/rp2_common/pico_float/float_math.c.obj
LOAD CMakeFiles/messages.dir/home/tardis1/rp2040/pico-sdk/src/rp2_common/pico_float/float_v1_rom_shim.S.obj
LOAD CMakeFiles/messages.dir/home/tardis1/rp2040/pico-sdk/src/rp2_common/pico_malloc/pico_malloc.c.obj
LOAD CMakeFiles/messages.dir/home/tardis1/rp2040/pico-sdk/src/rp2_common/pico_mem_ops/mem_ops_aeabi.S.obj
LOAD CMakeFiles/messages.dir/home/tardis1/rp2040/pico-sdk/src/rp2_common/pico_standard_link/crt0.S.obj
LOAD CMakeFiles/messages.dir/home/tardis1/rp2040/pico-sdk/src/rp2_common/pico_standard_link/new_delete.cpp.obj
LOAD CMakeFiles/messages.dir/home/tardis1/rp2040/pico-sdk/src/rp2_common/pico_standard_link/binary_info.c.obj
LOAD CMakeFiles/messages.dir/home/tardis1/rp2040/pico-sdk/src/rp2_common/pico_stdio/stdio.c.obj
LOAD CMakeFiles/messages.dir/home/tardis1/rp2040/pico-sdk/src/rp2_common/pico_stdio_uart/stdio_uart.c.obj
LOAD CMakeFiles/messages.dir/home/tardis1/rp2040/pico-sdk/src/rp2_common/pico_stdio_usb/reset_interface.c.obj
LOAD CMakeFiles/messages.dir/home/tardis1/rp2040/pico-sdk/src/rp2_common/pico_stdio_usb/stdio_usb.c.obj
LOAD CMakeFiles/messages.dir/home/tardis1/rp2040/pico-sdk/src/rp2_common/pico_stdio_usb/stdio_usb_descriptors.c.obj
LOAD CMakeFiles/messages.dir/home/tardis1/rp2040/pico-sdk/lib/tinyusb/src/portable/raspberrypi/rp2040/dcd_rp2040.c.obj
LOAD CMakeFiles/messages.dir/home/tardis1/rp2040/pico-sdk/lib/tinyusb/src/portable/raspberrypi/rp2040/rp2040_usb.c.obj
LOAD CMakeFiles/messages.dir/home/tardis1/rp2040/pico-sdk/lib/tinyusb/src/device/usbd.c.obj
LOAD CMakeFiles/messages.dir/home/tardis1/rp2040/pico-sdk/lib/tinyusb/src/device/usbd_control.c.obj
LOAD CMakeFiles/messages.dir/home/tardis1/rp2040/pico-sdk/lib/tinyusb/src/class/audio/audio_device.c.obj
LOAD CMakeFiles/messages.dir/home/tardis1/rp2040/pico-sdk/lib/tinyusb/src/class/cdc/cdc_device.c.obj
LOAD CMakeFiles/messages.dir/home/tardis1/rp2040/pico-sdk/lib/tinyusb/src/class/dfu/dfu_device.c.obj
LOAD CMakeFiles/messages.dir/home/tardis1/rp2040/pico-sdk/lib/tinyusb/src/class/dfu/dfu_rt_device.c.obj
LOAD CMakeFiles/messages.dir/home/tardis1/rp2040/pico-sdk/lib/tinyusb/src/class/hid/hid_device.c.obj
LOAD CMakeFiles/messages.dir/home/tardis1/rp2040/pico-sdk/lib/tinyusb/src/class/midi/midi_device.c.obj
LOAD CMakeFiles/messages.dir/home/tardis1/rp2040/pico-sdk/lib/tinyusb/src/class/msc/msc_device.c.obj
LOAD CMakeFiles/messages.dir/home/tardis1/rp2040/pico-sdk/lib/tinyusb/src/class/net/ecm_rndis_device.c.obj
LOAD CMakeFiles/messages.dir/home/tardis1/rp2040/pico-sdk/lib/tinyusb/src/class/net/ncm_device.c.obj
LOAD CMakeFiles/messages.dir/home/tardis1/rp2040/pico-sdk/lib/tinyusb/src/class/usbtmc/usbtmc_device.c.obj
LOAD CMakeFiles/messages.dir/home/tardis1/rp2040/pico-sdk/lib/tinyusb/src/class/vendor/vendor_device.c.obj
LOAD CMakeFiles/messages.dir/home/tardis1/rp2040/pico-sdk/lib/tinyusb/src/class/video/video_device.c.obj
LOAD CMakeFiles/messages.dir/home/tardis1/rp2040/pico-sdk/lib/tinyusb/src/tusb.c.obj
LOAD CMakeFiles/messages.dir/home/tardis1/rp2040/pico-sdk/lib/tinyusb/src/common/tusb_fifo.c.obj
LOAD CMakeFiles/messages.dir/home/tardis1/rp2040/pico-sdk/src/rp2_common/pico_fix/rp2040_usb_device_enumeration/rp2040_usb_device_enumeration.c.obj
LOAD CMakeFiles/messages.dir/home/tardis1/rp2040/pico-sdk/src/rp2_common/pico_unique_id/unique_id.c.obj
LOAD CMakeFiles/messages.dir/home/tardis1/rp2040/pico-sdk/src/rp2_common/hardware_flash/flash.c.obj
LOAD /tmp/ccp8HkOs.o
LOAD /home/tardis1/toolchain/gcc-arm-none-eabi-10.3-2021.10/bin/../lib/gcc/arm-none-eabi/10.3.1/../../../../arm-none-eabi/lib/thumb/v6-m/nofp/libstdc++.a
LOAD /home/tardis1/toolchain/gcc-arm-none-eabi-10.3-2021.10/bin/../lib/gcc/arm-none-eabi/10.3.1/../../../../arm-none-eabi/lib/thumb/v6-m/nofp/libm.a
START GROUP
LOAD /home/tardis1/toolchain/gcc-arm-none-eabi-10.3-2021.10/bin/../lib/gcc/arm-none-eabi/10.3.1/thumb/v6-m/nofp/libgcc.a
LOAD /home/tardis1/toolchain/gcc-arm-none-eabi-10.3-2021.10/bin/../lib/gcc/arm-none-eabi/10.3.1/../../../../arm-none-eabi/lib/thumb/v6-m/nofp/libc.a
END GROUP
START GROUP
LOAD /home/tardis1/toolchain/gcc-arm-none-eabi-10.3-2021.10/bin/../lib/gcc/arm-none-eabi/10.3.1/thumb/v6-m/nofp/libgcc.a
LOAD /home/tardis1/toolchain/gcc-arm-none-eabi-10.3-2021.10/bin/../lib/gcc/arm-none-eabi/10.3.1/../../../../arm-none-eabi/lib/thumb/v6-m/nofp/libc.a
LOAD /home/tardis1/toolchain/gcc-arm-none-eabi-10.3-2021.10/bin/../lib/gcc/arm-none-eabi/10.3.1/../../../../arm-none-eabi/lib/thumb/v6-m/nofp/libnosys.a
END GROUP
LOAD /home/tardis1/toolchain/gcc-arm-none-eabi-10.3-2021.10/bin/../lib/gcc/arm-none-eabi/10.3.1/thumb/v6-m/nofp/crtend.o
LOAD /home/tardis1/toolchain/gcc-arm-none-eabi-10.3-2021.10/bin/../lib/gcc/arm-none-eabi/10.3.1/thumb/v6-m/nofp/crtn.o
OUTPUT(messages.elf elf32-littlearm)
LOAD linker stubs

.ARM.attributes
                0x0000000000000000       0x28
 .ARM.attributes
                0x0000000000000000       0x1e /home/tardis1/toolchain/gcc-arm-none-eabi-10.3-2021.10/bin/../lib/gcc/arm-none-eabi/10.3.1/thumb/v6-m/nofp/crti.o
 .ARM.attributes
                0x000000000000001e       0x2c /home/tardis1/toolchain/gcc-arm-none-eabi-10.3-2021.10/bin/../lib/gcc/arm-none-eabi/10.3.1/thumb/v6-m/nofp/crtbegin.o
 .ARM.attributes
                0x000000000000004a       0x2c CMakeFiles/messages.dir/main.c.obj
 .ARM.attributes
                0x0000000000000076       0x2c CMakeFiles/messages.dir/home/tardis1/rp2040/pico-sdk/src/rp2_common/hardware_gpio/gpio.c.obj
 .ARM.attributes
                0x00000000000000a2       0x2c CMakeFiles/messages.dir/home/tardis1/rp2040/pico-sdk/src/rp2_common/hardware_claim/claim.c.obj
 .ARM.attributes
                0x00000000000000ce       0x2c CMakeFiles/messages.dir/home/tardis1/rp2040/pico-sdk/src/rp2_common/pico_platform/platform.c.obj
 .ARM.attributes
                0x00000000000000fa       0x2c CMakeFiles/messages.dir/home/tardis1/rp2040/pico-sdk/src/rp2_common/hardware_sync/sync.c.obj
 .ARM.attributes
                0x0000000000000126       0x2c CMakeFiles/messages.dir/home/tardis1/rp2040/pico-sdk/src/rp2_common/hardware_uart/uart.c.obj
 .ARM.attributes
                0x0000000000000152       0x2c CMakeFiles/messages.dir/home/tardis1/rp2040/pico-sdk/src/common/pico_time/time.c.obj
 .ARM.attributes
                0x000000000000017e       0x2c CMakeFiles/messages.dir/home/tardis1/rp2040/pico-sdk/src/rp2_common/hardware_timer/timer.c.obj
 .ARM.attributes
                0x00000000000001aa       0x2c CMakeFiles/messages.dir/home/tardis1/rp2040/pico-sdk/src/common/pico_sync/lock_core.c.obj
 .ARM.attributes
                0x00000000000001d6       0x2c CMakeFiles/messages.dir/home/tardis1/rp2040/pico-sdk/src/common/pico_sync/mutex.c.obj
 .ARM.attributes
                0x0000000000000202       0x2c CMakeFiles/messages.dir/home/tardis1/rp2040/pico-sdk/src/common/pico_sync/critical_section.c.obj
 .ARM.attributes
                0x000000000000022e       0x2c CMakeFiles/messages.dir/home/tardis1/rp2040/pico-sdk/src/common/pico_util/pheap.c.obj
 .ARM.attributes
                0x000000000000025a       0x2c CMakeFiles/messages.dir/home/tardis1/rp2040/pico-sdk/src/rp2_common/pico_runtime/runtime.c.obj
 .ARM.attributes
                0x0000000000000286       0x2c CMakeFiles/messages.dir/home/tardis1/rp2040/pico-sdk/src/rp2_common/hardware_clocks/clocks.c.obj
 .ARM.attributes
                0x00000000000002b2       0x2c CMakeFiles/messages.dir/home/tardis1/rp2040/pico-sdk/src/rp2_common/hardware_irq/irq.c.obj
 .ARM.attributes
                0x00000000000002de       0x22 CMakeFiles/messages.dir/home/tardis1/rp2040/pico-sdk/src/rp2_common/hardware_irq/irq_handler_chain.S.obj
 .ARM.attributes
                0x0000000000000300       0x2c CMakeFiles/messages.dir/home/tardis1/rp2040/pico-sdk/src/rp2_common/hardware_pll/pll.c.obj
 .ARM.attributes
                0x000000000000032c       0x2c CMakeFiles/messages.dir/home/tardis1/rp2040/pico-sdk/src/rp2_common/hardware_watchdog/watchdog.c.obj
 .ARM.attributes
                0x0000000000000358       0x2c CMakeFiles/messages.dir/home/tardis1/rp2040/pico-sdk/src/rp2_common/hardware_xosc/xosc.c.obj
 .ARM.attributes
                0x0000000000000384       0x2c CMakeFiles/messages.dir/home/tardis1/rp2040/pico-sdk/src/rp2_common/pico_printf/printf.c.obj
 .ARM.attributes
                0x00000000000003b0       0x22 CMakeFiles/messages.dir/home/tardis1/rp2040/pico-sdk/src/rp2_common/pico_bit_ops/bit_ops_aeabi.S.obj
 .ARM.attributes
                0x00000000000003d2       0x2c CMakeFiles/messages.dir/home/tardis1/rp2040/pico-sdk/src/rp2_common/pico_bootrom/bootrom.c.obj
 .ARM.attributes
                0x00000000000003fe       0x22 CMakeFiles/messages.dir/home/tardis1/rp2040/pico-sdk/src/rp2_common/pico_divider/divider.S.obj
 .ARM.attributes
                0x0000000000000420       0x22 CMakeFiles/messages.dir/home/tardis1/rp2040/pico-sdk/src/rp2_common/pico_double/double_aeabi.S.obj
 .ARM.attributes
                0x0000000000000442       0x2c CMakeFiles/messages.dir/home/tardis1/rp2040/pico-sdk/src/rp2_common/pico_double/double_init_rom.c.obj
 .ARM.attributes
                0x000000000000046e       0x22 CMakeFiles/messages.dir/home/tardis1/rp2040/pico-sdk/src/rp2_common/pico_double/double_v1_rom_shim.S.obj
 .ARM.attributes
                0x0000000000000490       0x22 CMakeFiles/messages.dir/home/tardis1/rp2040/pico-sdk/src/rp2_common/pico_int64_ops/pico_int64_ops_aeabi.S.obj
 .ARM.attributes
                0x00000000000004b2       0x22 CMakeFiles/messages.dir/home/tardis1/rp2040/pico-sdk/src/rp2_common/pico_float/float_aeabi.S.obj
 .ARM.attributes
                0x00000000000004d4       0x2c CMakeFiles/messages.dir/home/tardis1/rp2040/pico-sdk/src/rp2_common/pico_float/float_init_rom.c.obj
 .ARM.attributes
                0x0000000000000500       0x22 CMakeFiles/messages.dir/home/tardis1/rp2040/pico-sdk/src/rp2_common/pico_float/float_v1_rom_shim.S.obj
 .ARM.attributes
                0x0000000000000522       0x22 CMakeFiles/messages.dir/home/tardis1/rp2040/pico-sdk/src/rp2_common/pico_mem_ops/mem_ops_aeabi.S.obj
 .ARM.attributes
                0x0000000000000544       0x22 CMakeFiles/messages.dir/home/tardis1/rp2040/pico-sdk/src/rp2_common/pico_standard_link/crt0.S.obj
 .ARM.attributes
                0x0000000000000566       0x2c CMakeFiles/messages.dir/home/tardis1/rp2040/pico-sdk/src/rp2_common/pico_standard_link/binary_info.c.obj
 .ARM.attributes
                0x0000000000000592       0x2c CMakeFiles/messages.dir/home/tardis1/rp2040/pico-sdk/src/rp2_common/pico_stdio/stdio.c.obj
 .ARM.attributes
                0x00000000000005be       0x2c CMakeFiles/messages.dir/home/tardis1/rp2040/pico-sdk/src/rp2_common/pico_stdio_uart/stdio_uart.c.obj
 .ARM.attributes
                0x00000000000005ea       0x2c CMakeFiles/messages.dir/home/tardis1/rp2040/pico-sdk/src/rp2_common/pico_stdio_usb/reset_interface.c.obj
 .ARM.attributes
                0x0000000000000616       0x2c CMakeFiles/messages.dir/home/tardis1/rp2040/pico-sdk/src/rp2_common/pico_stdio_usb/stdio_usb.c.obj
 .ARM.attributes
                0x0000000000000642       0x2c CMakeFiles/messages.dir/home/tardis1/rp2040/pico-sdk/src/rp2_common/pico_stdio_usb/stdio_usb_descriptors.c.obj
 .ARM.attributes
                0x000000000000066e       0x2c CMakeFiles/messages.dir/home/tardis1/rp2040/pico-sdk/lib/tinyusb/src/portable/raspberrypi/rp2040/dcd_rp2040.c.obj
 .ARM.attributes
                0x000000000000069a       0x2c CMakeFiles/messages.dir/home/tardis1/rp2040/pico-sdk/lib/tinyusb/src/portable/raspberrypi/rp2040/rp2040_usb.c.obj
 .ARM.attributes
                0x00000000000006c6       0x2c CMakeFiles/messages.dir/home/tardis1/rp2040/pico-sdk/lib/tinyusb/src/device/usbd.c.obj
 .ARM.attributes
                0x00000000000006f2       0x2c CMakeFiles/messages.dir/home/tardis1/rp2040/pico-sdk/lib/tinyusb/src/device/usbd_control.c.obj
 .ARM.attributes
                0x000000000000071e       0x2c CMakeFiles/messages.dir/home/tardis1/rp2040/pico-sdk/lib/tinyusb/src/class/cdc/cdc_device.c.obj
 .ARM.attributes
                0x000000000000074a       0x2c CMakeFiles/messages.dir/home/tardis1/rp2040/pico-sdk/lib/tinyusb/src/tusb.c.obj
 .ARM.attributes
                0x0000000000000776       0x2c CMakeFiles/messages.dir/home/tardis1/rp2040/pico-sdk/lib/tinyusb/src/common/tusb_fifo.c.obj
 .ARM.attributes